[2026-05-15T09:10:57.982+0000] {processor.py:161} INFO - Started process (PID=762) to work on /opt/airflow/dags/datawarehouse/dag2.py
[2026-05-15T09:10:57.983+0000] {processor.py:830} INFO - Processing file /opt/airflow/dags/datawarehouse/dag2.py for tasks to queue
[2026-05-15T09:10:57.986+0000] {logging_mixin.py:188} INFO - [2026-05-15T09:10:57.986+0000] {dagbag.py:545} INFO - Filling up the DagBag from /opt/airflow/dags/datawarehouse/dag2.py
[2026-05-15T09:10:58.042+0000] {logging_mixin.py:188} INFO - [2026-05-15T09:10:58.023+0000] {dagbag.py:355} ERROR - Failed to import: /opt/airflow/dags/datawarehouse/dag2.py
Traceback (most recent call last):
  File "/home/airflow/.local/lib/python3.10/site-packages/airflow/models/dagbag.py", line 351, in parse
    loader.exec_module(new_module)
  File "<frozen importlib._bootstrap_external>", line 883, in exec_module
  File "<frozen importlib._bootstrap>", line 241, in _call_with_frames_removed
  File "/opt/airflow/dags/datawarehouse/dag2.py", line 5, in <module>
    from your_module import staging_table, core_table  # adapte le chemin
ModuleNotFoundError: No module named 'your_module'
[2026-05-15T09:10:58.045+0000] {processor.py:842} WARNING - No viable dags retrieved from /opt/airflow/dags/datawarehouse/dag2.py
[2026-05-15T09:10:58.074+0000] {processor.py:183} INFO - Processing /opt/airflow/dags/datawarehouse/dag2.py took 0.098 seconds
[2026-05-15T09:11:28.471+0000] {processor.py:161} INFO - Started process (PID=770) to work on /opt/airflow/dags/datawarehouse/dag2.py
[2026-05-15T09:11:28.474+0000] {processor.py:830} INFO - Processing file /opt/airflow/dags/datawarehouse/dag2.py for tasks to queue
[2026-05-15T09:11:28.477+0000] {logging_mixin.py:188} INFO - [2026-05-15T09:11:28.477+0000] {dagbag.py:545} INFO - Filling up the DagBag from /opt/airflow/dags/datawarehouse/dag2.py
[2026-05-15T09:11:28.507+0000] {logging_mixin.py:188} INFO - [2026-05-15T09:11:28.502+0000] {dagbag.py:355} ERROR - Failed to import: /opt/airflow/dags/datawarehouse/dag2.py
Traceback (most recent call last):
  File "/home/airflow/.local/lib/python3.10/site-packages/airflow/models/dagbag.py", line 351, in parse
    loader.exec_module(new_module)
  File "<frozen importlib._bootstrap_external>", line 883, in exec_module
  File "<frozen importlib._bootstrap>", line 241, in _call_with_frames_removed
  File "/opt/airflow/dags/datawarehouse/dag2.py", line 5, in <module>
    from your_module import staging_table, core_table  # adapte le chemin
ModuleNotFoundError: No module named 'your_module'
[2026-05-15T09:11:28.509+0000] {processor.py:842} WARNING - No viable dags retrieved from /opt/airflow/dags/datawarehouse/dag2.py
[2026-05-15T09:11:28.545+0000] {processor.py:183} INFO - Processing /opt/airflow/dags/datawarehouse/dag2.py took 0.082 seconds
[2026-05-15T09:11:58.999+0000] {processor.py:161} INFO - Started process (PID=778) to work on /opt/airflow/dags/datawarehouse/dag2.py
[2026-05-15T09:11:59.000+0000] {processor.py:830} INFO - Processing file /opt/airflow/dags/datawarehouse/dag2.py for tasks to queue
[2026-05-15T09:11:59.003+0000] {logging_mixin.py:188} INFO - [2026-05-15T09:11:59.003+0000] {dagbag.py:545} INFO - Filling up the DagBag from /opt/airflow/dags/datawarehouse/dag2.py
[2026-05-15T09:11:59.029+0000] {logging_mixin.py:188} INFO - [2026-05-15T09:11:59.025+0000] {dagbag.py:355} ERROR - Failed to import: /opt/airflow/dags/datawarehouse/dag2.py
Traceback (most recent call last):
  File "/home/airflow/.local/lib/python3.10/site-packages/airflow/models/dagbag.py", line 351, in parse
    loader.exec_module(new_module)
  File "<frozen importlib._bootstrap_external>", line 883, in exec_module
  File "<frozen importlib._bootstrap>", line 241, in _call_with_frames_removed
  File "/opt/airflow/dags/datawarehouse/dag2.py", line 5, in <module>
    from your_module import staging_table, core_table  # adapte le chemin
ModuleNotFoundError: No module named 'your_module'
[2026-05-15T09:11:59.030+0000] {processor.py:842} WARNING - No viable dags retrieved from /opt/airflow/dags/datawarehouse/dag2.py
[2026-05-15T09:11:59.055+0000] {processor.py:183} INFO - Processing /opt/airflow/dags/datawarehouse/dag2.py took 0.063 seconds
[2026-05-15T09:12:29.758+0000] {processor.py:161} INFO - Started process (PID=787) to work on /opt/airflow/dags/datawarehouse/dag2.py
[2026-05-15T09:12:29.760+0000] {processor.py:830} INFO - Processing file /opt/airflow/dags/datawarehouse/dag2.py for tasks to queue
[2026-05-15T09:12:29.763+0000] {logging_mixin.py:188} INFO - [2026-05-15T09:12:29.763+0000] {dagbag.py:545} INFO - Filling up the DagBag from /opt/airflow/dags/datawarehouse/dag2.py
[2026-05-15T09:12:29.790+0000] {logging_mixin.py:188} INFO - [2026-05-15T09:12:29.784+0000] {dagbag.py:355} ERROR - Failed to import: /opt/airflow/dags/datawarehouse/dag2.py
Traceback (most recent call last):
  File "/home/airflow/.local/lib/python3.10/site-packages/airflow/models/dagbag.py", line 351, in parse
    loader.exec_module(new_module)
  File "<frozen importlib._bootstrap_external>", line 883, in exec_module
  File "<frozen importlib._bootstrap>", line 241, in _call_with_frames_removed
  File "/opt/airflow/dags/datawarehouse/dag2.py", line 5, in <module>
    from your_module import staging_table, core_table  # adapte le chemin
ModuleNotFoundError: No module named 'your_module'
[2026-05-15T09:12:29.792+0000] {processor.py:842} WARNING - No viable dags retrieved from /opt/airflow/dags/datawarehouse/dag2.py
[2026-05-15T09:12:29.818+0000] {processor.py:183} INFO - Processing /opt/airflow/dags/datawarehouse/dag2.py took 0.069 seconds
[2026-05-15T09:13:00.270+0000] {processor.py:161} INFO - Started process (PID=795) to work on /opt/airflow/dags/datawarehouse/dag2.py
[2026-05-15T09:13:00.272+0000] {processor.py:830} INFO - Processing file /opt/airflow/dags/datawarehouse/dag2.py for tasks to queue
[2026-05-15T09:13:00.275+0000] {logging_mixin.py:188} INFO - [2026-05-15T09:13:00.275+0000] {dagbag.py:545} INFO - Filling up the DagBag from /opt/airflow/dags/datawarehouse/dag2.py
[2026-05-15T09:13:00.305+0000] {logging_mixin.py:188} INFO - [2026-05-15T09:13:00.299+0000] {dagbag.py:355} ERROR - Failed to import: /opt/airflow/dags/datawarehouse/dag2.py
Traceback (most recent call last):
  File "/home/airflow/.local/lib/python3.10/site-packages/airflow/models/dagbag.py", line 351, in parse
    loader.exec_module(new_module)
  File "<frozen importlib._bootstrap_external>", line 883, in exec_module
  File "<frozen importlib._bootstrap>", line 241, in _call_with_frames_removed
  File "/opt/airflow/dags/datawarehouse/dag2.py", line 5, in <module>
    from your_module import staging_table, core_table  # adapte le chemin
ModuleNotFoundError: No module named 'your_module'
[2026-05-15T09:13:00.307+0000] {processor.py:842} WARNING - No viable dags retrieved from /opt/airflow/dags/datawarehouse/dag2.py
[2026-05-15T09:13:00.333+0000] {processor.py:183} INFO - Processing /opt/airflow/dags/datawarehouse/dag2.py took 0.073 seconds
[2026-05-15T09:13:30.733+0000] {processor.py:161} INFO - Started process (PID=803) to work on /opt/airflow/dags/datawarehouse/dag2.py
[2026-05-15T09:13:30.734+0000] {processor.py:830} INFO - Processing file /opt/airflow/dags/datawarehouse/dag2.py for tasks to queue
[2026-05-15T09:13:30.736+0000] {logging_mixin.py:188} INFO - [2026-05-15T09:13:30.735+0000] {dagbag.py:545} INFO - Filling up the DagBag from /opt/airflow/dags/datawarehouse/dag2.py
[2026-05-15T09:13:30.762+0000] {logging_mixin.py:188} INFO - [2026-05-15T09:13:30.756+0000] {dagbag.py:355} ERROR - Failed to import: /opt/airflow/dags/datawarehouse/dag2.py
Traceback (most recent call last):
  File "/home/airflow/.local/lib/python3.10/site-packages/airflow/models/dagbag.py", line 351, in parse
    loader.exec_module(new_module)
  File "<frozen importlib._bootstrap_external>", line 883, in exec_module
  File "<frozen importlib._bootstrap>", line 241, in _call_with_frames_removed
  File "/opt/airflow/dags/datawarehouse/dag2.py", line 5, in <module>
    from your_module import staging_table, core_table  # adapte le chemin
ModuleNotFoundError: No module named 'your_module'
[2026-05-15T09:13:30.764+0000] {processor.py:842} WARNING - No viable dags retrieved from /opt/airflow/dags/datawarehouse/dag2.py
[2026-05-15T09:13:30.797+0000] {processor.py:183} INFO - Processing /opt/airflow/dags/datawarehouse/dag2.py took 0.074 seconds
[2026-05-15T09:14:01.206+0000] {processor.py:161} INFO - Started process (PID=811) to work on /opt/airflow/dags/datawarehouse/dag2.py
[2026-05-15T09:14:01.207+0000] {processor.py:830} INFO - Processing file /opt/airflow/dags/datawarehouse/dag2.py for tasks to queue
[2026-05-15T09:14:01.209+0000] {logging_mixin.py:188} INFO - [2026-05-15T09:14:01.209+0000] {dagbag.py:545} INFO - Filling up the DagBag from /opt/airflow/dags/datawarehouse/dag2.py
[2026-05-15T09:14:01.240+0000] {logging_mixin.py:188} INFO - [2026-05-15T09:14:01.233+0000] {dagbag.py:355} ERROR - Failed to import: /opt/airflow/dags/datawarehouse/dag2.py
Traceback (most recent call last):
  File "/home/airflow/.local/lib/python3.10/site-packages/airflow/models/dagbag.py", line 351, in parse
    loader.exec_module(new_module)
  File "<frozen importlib._bootstrap_external>", line 883, in exec_module
  File "<frozen importlib._bootstrap>", line 241, in _call_with_frames_removed
  File "/opt/airflow/dags/datawarehouse/dag2.py", line 5, in <module>
    from your_module import staging_table, core_table  # adapte le chemin
ModuleNotFoundError: No module named 'your_module'
[2026-05-15T09:14:01.243+0000] {processor.py:842} WARNING - No viable dags retrieved from /opt/airflow/dags/datawarehouse/dag2.py
[2026-05-15T09:14:01.265+0000] {processor.py:183} INFO - Processing /opt/airflow/dags/datawarehouse/dag2.py took 0.070 seconds
[2026-05-15T09:14:31.734+0000] {processor.py:161} INFO - Started process (PID=819) to work on /opt/airflow/dags/datawarehouse/dag2.py
[2026-05-15T09:14:31.735+0000] {processor.py:830} INFO - Processing file /opt/airflow/dags/datawarehouse/dag2.py for tasks to queue
[2026-05-15T09:14:31.737+0000] {logging_mixin.py:188} INFO - [2026-05-15T09:14:31.736+0000] {dagbag.py:545} INFO - Filling up the DagBag from /opt/airflow/dags/datawarehouse/dag2.py
[2026-05-15T09:14:31.766+0000] {logging_mixin.py:188} INFO - [2026-05-15T09:14:31.761+0000] {dagbag.py:355} ERROR - Failed to import: /opt/airflow/dags/datawarehouse/dag2.py
Traceback (most recent call last):
  File "/home/airflow/.local/lib/python3.10/site-packages/airflow/models/dagbag.py", line 351, in parse
    loader.exec_module(new_module)
  File "<frozen importlib._bootstrap_external>", line 883, in exec_module
  File "<frozen importlib._bootstrap>", line 241, in _call_with_frames_removed
  File "/opt/airflow/dags/datawarehouse/dag2.py", line 5, in <module>
    from your_module import staging_table, core_table  # adapte le chemin
ModuleNotFoundError: No module named 'your_module'
[2026-05-15T09:14:31.768+0000] {processor.py:842} WARNING - No viable dags retrieved from /opt/airflow/dags/datawarehouse/dag2.py
[2026-05-15T09:14:31.791+0000] {processor.py:183} INFO - Processing /opt/airflow/dags/datawarehouse/dag2.py took 0.069 seconds
[2026-05-15T09:15:02.235+0000] {processor.py:161} INFO - Started process (PID=829) to work on /opt/airflow/dags/datawarehouse/dag2.py
[2026-05-15T09:15:02.237+0000] {processor.py:830} INFO - Processing file /opt/airflow/dags/datawarehouse/dag2.py for tasks to queue
[2026-05-15T09:15:02.239+0000] {logging_mixin.py:188} INFO - [2026-05-15T09:15:02.239+0000] {dagbag.py:545} INFO - Filling up the DagBag from /opt/airflow/dags/datawarehouse/dag2.py
[2026-05-15T09:15:02.270+0000] {logging_mixin.py:188} INFO - [2026-05-15T09:15:02.264+0000] {dagbag.py:355} ERROR - Failed to import: /opt/airflow/dags/datawarehouse/dag2.py
Traceback (most recent call last):
  File "/home/airflow/.local/lib/python3.10/site-packages/airflow/models/dagbag.py", line 351, in parse
    loader.exec_module(new_module)
  File "<frozen importlib._bootstrap_external>", line 883, in exec_module
  File "<frozen importlib._bootstrap>", line 241, in _call_with_frames_removed
  File "/opt/airflow/dags/datawarehouse/dag2.py", line 5, in <module>
    from your_module import staging_table, core_table  # adapte le chemin
ModuleNotFoundError: No module named 'your_module'
[2026-05-15T09:15:02.272+0000] {processor.py:842} WARNING - No viable dags retrieved from /opt/airflow/dags/datawarehouse/dag2.py
[2026-05-15T09:15:02.307+0000] {processor.py:183} INFO - Processing /opt/airflow/dags/datawarehouse/dag2.py took 0.079 seconds
[2026-05-15T09:15:32.700+0000] {processor.py:161} INFO - Started process (PID=837) to work on /opt/airflow/dags/datawarehouse/dag2.py
[2026-05-15T09:15:32.701+0000] {processor.py:830} INFO - Processing file /opt/airflow/dags/datawarehouse/dag2.py for tasks to queue
[2026-05-15T09:15:32.703+0000] {logging_mixin.py:188} INFO - [2026-05-15T09:15:32.703+0000] {dagbag.py:545} INFO - Filling up the DagBag from /opt/airflow/dags/datawarehouse/dag2.py
[2026-05-15T09:15:32.733+0000] {logging_mixin.py:188} INFO - [2026-05-15T09:15:32.728+0000] {dagbag.py:355} ERROR - Failed to import: /opt/airflow/dags/datawarehouse/dag2.py
Traceback (most recent call last):
  File "/home/airflow/.local/lib/python3.10/site-packages/airflow/models/dagbag.py", line 351, in parse
    loader.exec_module(new_module)
  File "<frozen importlib._bootstrap_external>", line 883, in exec_module
  File "<frozen importlib._bootstrap>", line 241, in _call_with_frames_removed
  File "/opt/airflow/dags/datawarehouse/dag2.py", line 5, in <module>
    from your_module import staging_table, core_table  # adapte le chemin
ModuleNotFoundError: No module named 'your_module'
[2026-05-15T09:15:32.735+0000] {processor.py:842} WARNING - No viable dags retrieved from /opt/airflow/dags/datawarehouse/dag2.py
[2026-05-15T09:15:32.776+0000] {processor.py:183} INFO - Processing /opt/airflow/dags/datawarehouse/dag2.py took 0.085 seconds
[2026-05-15T09:16:03.362+0000] {processor.py:161} INFO - Started process (PID=845) to work on /opt/airflow/dags/datawarehouse/dag2.py
[2026-05-15T09:16:03.364+0000] {processor.py:830} INFO - Processing file /opt/airflow/dags/datawarehouse/dag2.py for tasks to queue
[2026-05-15T09:16:03.366+0000] {logging_mixin.py:188} INFO - [2026-05-15T09:16:03.365+0000] {dagbag.py:545} INFO - Filling up the DagBag from /opt/airflow/dags/datawarehouse/dag2.py
[2026-05-15T09:16:03.400+0000] {logging_mixin.py:188} INFO - [2026-05-15T09:16:03.393+0000] {dagbag.py:355} ERROR - Failed to import: /opt/airflow/dags/datawarehouse/dag2.py
Traceback (most recent call last):
  File "/home/airflow/.local/lib/python3.10/site-packages/airflow/models/dagbag.py", line 351, in parse
    loader.exec_module(new_module)
  File "<frozen importlib._bootstrap_external>", line 883, in exec_module
  File "<frozen importlib._bootstrap>", line 241, in _call_with_frames_removed
  File "/opt/airflow/dags/datawarehouse/dag2.py", line 5, in <module>
    from your_module import staging_table, core_table  # adapte le chemin
ModuleNotFoundError: No module named 'your_module'
[2026-05-15T09:16:03.402+0000] {processor.py:842} WARNING - No viable dags retrieved from /opt/airflow/dags/datawarehouse/dag2.py
[2026-05-15T09:16:03.433+0000] {processor.py:183} INFO - Processing /opt/airflow/dags/datawarehouse/dag2.py took 0.082 seconds
[2026-05-15T09:16:33.879+0000] {processor.py:161} INFO - Started process (PID=853) to work on /opt/airflow/dags/datawarehouse/dag2.py
[2026-05-15T09:16:33.882+0000] {processor.py:830} INFO - Processing file /opt/airflow/dags/datawarehouse/dag2.py for tasks to queue
[2026-05-15T09:16:33.884+0000] {logging_mixin.py:188} INFO - [2026-05-15T09:16:33.883+0000] {dagbag.py:545} INFO - Filling up the DagBag from /opt/airflow/dags/datawarehouse/dag2.py
[2026-05-15T09:16:33.917+0000] {logging_mixin.py:188} INFO - [2026-05-15T09:16:33.912+0000] {dagbag.py:355} ERROR - Failed to import: /opt/airflow/dags/datawarehouse/dag2.py
Traceback (most recent call last):
  File "/home/airflow/.local/lib/python3.10/site-packages/airflow/models/dagbag.py", line 351, in parse
    loader.exec_module(new_module)
  File "<frozen importlib._bootstrap_external>", line 883, in exec_module
  File "<frozen importlib._bootstrap>", line 241, in _call_with_frames_removed
  File "/opt/airflow/dags/datawarehouse/dag2.py", line 5, in <module>
    from your_module import staging_table, core_table  # adapte le chemin
ModuleNotFoundError: No module named 'your_module'
[2026-05-15T09:16:33.920+0000] {processor.py:842} WARNING - No viable dags retrieved from /opt/airflow/dags/datawarehouse/dag2.py
[2026-05-15T09:16:34.002+0000] {processor.py:183} INFO - Processing /opt/airflow/dags/datawarehouse/dag2.py took 0.140 seconds
[2026-05-15T09:17:04.397+0000] {processor.py:161} INFO - Started process (PID=861) to work on /opt/airflow/dags/datawarehouse/dag2.py
[2026-05-15T09:17:04.399+0000] {processor.py:830} INFO - Processing file /opt/airflow/dags/datawarehouse/dag2.py for tasks to queue
[2026-05-15T09:17:04.401+0000] {logging_mixin.py:188} INFO - [2026-05-15T09:17:04.400+0000] {dagbag.py:545} INFO - Filling up the DagBag from /opt/airflow/dags/datawarehouse/dag2.py
[2026-05-15T09:17:04.431+0000] {logging_mixin.py:188} INFO - [2026-05-15T09:17:04.424+0000] {dagbag.py:355} ERROR - Failed to import: /opt/airflow/dags/datawarehouse/dag2.py
Traceback (most recent call last):
  File "/home/airflow/.local/lib/python3.10/site-packages/airflow/models/dagbag.py", line 351, in parse
    loader.exec_module(new_module)
  File "<frozen importlib._bootstrap_external>", line 883, in exec_module
  File "<frozen importlib._bootstrap>", line 241, in _call_with_frames_removed
  File "/opt/airflow/dags/datawarehouse/dag2.py", line 5, in <module>
    from your_module import staging_table, core_table  # adapte le chemin
ModuleNotFoundError: No module named 'your_module'
[2026-05-15T09:17:04.433+0000] {processor.py:842} WARNING - No viable dags retrieved from /opt/airflow/dags/datawarehouse/dag2.py
[2026-05-15T09:17:04.461+0000] {processor.py:183} INFO - Processing /opt/airflow/dags/datawarehouse/dag2.py took 0.071 seconds
[2026-05-15T09:17:34.885+0000] {processor.py:161} INFO - Started process (PID=869) to work on /opt/airflow/dags/datawarehouse/dag2.py
[2026-05-15T09:17:34.886+0000] {processor.py:830} INFO - Processing file /opt/airflow/dags/datawarehouse/dag2.py for tasks to queue
[2026-05-15T09:17:34.888+0000] {logging_mixin.py:188} INFO - [2026-05-15T09:17:34.888+0000] {dagbag.py:545} INFO - Filling up the DagBag from /opt/airflow/dags/datawarehouse/dag2.py
[2026-05-15T09:17:34.914+0000] {logging_mixin.py:188} INFO - [2026-05-15T09:17:34.909+0000] {dagbag.py:355} ERROR - Failed to import: /opt/airflow/dags/datawarehouse/dag2.py
Traceback (most recent call last):
  File "/home/airflow/.local/lib/python3.10/site-packages/airflow/models/dagbag.py", line 351, in parse
    loader.exec_module(new_module)
  File "<frozen importlib._bootstrap_external>", line 883, in exec_module
  File "<frozen importlib._bootstrap>", line 241, in _call_with_frames_removed
  File "/opt/airflow/dags/datawarehouse/dag2.py", line 5, in <module>
    from your_module import staging_table, core_table  # adapte le chemin
ModuleNotFoundError: No module named 'your_module'
[2026-05-15T09:17:34.916+0000] {processor.py:842} WARNING - No viable dags retrieved from /opt/airflow/dags/datawarehouse/dag2.py
[2026-05-15T09:17:34.939+0000] {processor.py:183} INFO - Processing /opt/airflow/dags/datawarehouse/dag2.py took 0.062 seconds
[2026-05-15T09:18:05.368+0000] {processor.py:161} INFO - Started process (PID=877) to work on /opt/airflow/dags/datawarehouse/dag2.py
[2026-05-15T09:18:05.369+0000] {processor.py:830} INFO - Processing file /opt/airflow/dags/datawarehouse/dag2.py for tasks to queue
[2026-05-15T09:18:05.371+0000] {logging_mixin.py:188} INFO - [2026-05-15T09:18:05.370+0000] {dagbag.py:545} INFO - Filling up the DagBag from /opt/airflow/dags/datawarehouse/dag2.py
[2026-05-15T09:18:05.398+0000] {logging_mixin.py:188} INFO - [2026-05-15T09:18:05.393+0000] {dagbag.py:355} ERROR - Failed to import: /opt/airflow/dags/datawarehouse/dag2.py
Traceback (most recent call last):
  File "/home/airflow/.local/lib/python3.10/site-packages/airflow/models/dagbag.py", line 351, in parse
    loader.exec_module(new_module)
  File "<frozen importlib._bootstrap_external>", line 883, in exec_module
  File "<frozen importlib._bootstrap>", line 241, in _call_with_frames_removed
  File "/opt/airflow/dags/datawarehouse/dag2.py", line 5, in <module>
    from your_module import staging_table, core_table  # adapte le chemin
ModuleNotFoundError: No module named 'your_module'
[2026-05-15T09:18:05.400+0000] {processor.py:842} WARNING - No viable dags retrieved from /opt/airflow/dags/datawarehouse/dag2.py
[2026-05-15T09:18:05.434+0000] {processor.py:183} INFO - Processing /opt/airflow/dags/datawarehouse/dag2.py took 0.075 seconds
[2026-05-15T09:18:35.865+0000] {processor.py:161} INFO - Started process (PID=885) to work on /opt/airflow/dags/datawarehouse/dag2.py
[2026-05-15T09:18:35.867+0000] {processor.py:830} INFO - Processing file /opt/airflow/dags/datawarehouse/dag2.py for tasks to queue
[2026-05-15T09:18:35.869+0000] {logging_mixin.py:188} INFO - [2026-05-15T09:18:35.869+0000] {dagbag.py:545} INFO - Filling up the DagBag from /opt/airflow/dags/datawarehouse/dag2.py
[2026-05-15T09:18:35.909+0000] {logging_mixin.py:188} INFO - [2026-05-15T09:18:35.900+0000] {dagbag.py:355} ERROR - Failed to import: /opt/airflow/dags/datawarehouse/dag2.py
Traceback (most recent call last):
  File "/home/airflow/.local/lib/python3.10/site-packages/airflow/models/dagbag.py", line 351, in parse
    loader.exec_module(new_module)
  File "<frozen importlib._bootstrap_external>", line 883, in exec_module
  File "<frozen importlib._bootstrap>", line 241, in _call_with_frames_removed
  File "/opt/airflow/dags/datawarehouse/dag2.py", line 5, in <module>
    from your_module import staging_table, core_table  # adapte le chemin
ModuleNotFoundError: No module named 'your_module'
[2026-05-15T09:18:35.912+0000] {processor.py:842} WARNING - No viable dags retrieved from /opt/airflow/dags/datawarehouse/dag2.py
[2026-05-15T09:18:35.953+0000] {processor.py:183} INFO - Processing /opt/airflow/dags/datawarehouse/dag2.py took 0.103 seconds
[2026-05-15T09:19:06.367+0000] {processor.py:161} INFO - Started process (PID=893) to work on /opt/airflow/dags/datawarehouse/dag2.py
[2026-05-15T09:19:06.369+0000] {processor.py:830} INFO - Processing file /opt/airflow/dags/datawarehouse/dag2.py for tasks to queue
[2026-05-15T09:19:06.370+0000] {logging_mixin.py:188} INFO - [2026-05-15T09:19:06.370+0000] {dagbag.py:545} INFO - Filling up the DagBag from /opt/airflow/dags/datawarehouse/dag2.py
[2026-05-15T09:19:06.410+0000] {logging_mixin.py:188} INFO - [2026-05-15T09:19:06.403+0000] {dagbag.py:355} ERROR - Failed to import: /opt/airflow/dags/datawarehouse/dag2.py
Traceback (most recent call last):
  File "/home/airflow/.local/lib/python3.10/site-packages/airflow/models/dagbag.py", line 351, in parse
    loader.exec_module(new_module)
  File "<frozen importlib._bootstrap_external>", line 883, in exec_module
  File "<frozen importlib._bootstrap>", line 241, in _call_with_frames_removed
  File "/opt/airflow/dags/datawarehouse/dag2.py", line 5, in <module>
    from your_module import staging_table, core_table  # adapte le chemin
ModuleNotFoundError: No module named 'your_module'
[2026-05-15T09:19:06.413+0000] {processor.py:842} WARNING - No viable dags retrieved from /opt/airflow/dags/datawarehouse/dag2.py
[2026-05-15T09:19:06.437+0000] {processor.py:183} INFO - Processing /opt/airflow/dags/datawarehouse/dag2.py took 0.079 seconds
[2026-05-15T09:19:36.800+0000] {processor.py:161} INFO - Started process (PID=901) to work on /opt/airflow/dags/datawarehouse/dag2.py
[2026-05-15T09:19:36.802+0000] {processor.py:830} INFO - Processing file /opt/airflow/dags/datawarehouse/dag2.py for tasks to queue
[2026-05-15T09:19:36.804+0000] {logging_mixin.py:188} INFO - [2026-05-15T09:19:36.804+0000] {dagbag.py:545} INFO - Filling up the DagBag from /opt/airflow/dags/datawarehouse/dag2.py
[2026-05-15T09:19:36.836+0000] {logging_mixin.py:188} INFO - [2026-05-15T09:19:36.827+0000] {dagbag.py:355} ERROR - Failed to import: /opt/airflow/dags/datawarehouse/dag2.py
Traceback (most recent call last):
  File "/home/airflow/.local/lib/python3.10/site-packages/airflow/models/dagbag.py", line 351, in parse
    loader.exec_module(new_module)
  File "<frozen importlib._bootstrap_external>", line 883, in exec_module
  File "<frozen importlib._bootstrap>", line 241, in _call_with_frames_removed
  File "/opt/airflow/dags/datawarehouse/dag2.py", line 5, in <module>
    from your_module import staging_table, core_table  # adapte le chemin
ModuleNotFoundError: No module named 'your_module'
[2026-05-15T09:19:36.838+0000] {processor.py:842} WARNING - No viable dags retrieved from /opt/airflow/dags/datawarehouse/dag2.py
[2026-05-15T09:19:36.872+0000] {processor.py:183} INFO - Processing /opt/airflow/dags/datawarehouse/dag2.py took 0.082 seconds
[2026-05-15T09:20:07.357+0000] {processor.py:161} INFO - Started process (PID=910) to work on /opt/airflow/dags/datawarehouse/dag2.py
[2026-05-15T09:20:07.360+0000] {processor.py:830} INFO - Processing file /opt/airflow/dags/datawarehouse/dag2.py for tasks to queue
[2026-05-15T09:20:07.361+0000] {logging_mixin.py:188} INFO - [2026-05-15T09:20:07.361+0000] {dagbag.py:545} INFO - Filling up the DagBag from /opt/airflow/dags/datawarehouse/dag2.py
[2026-05-15T09:20:07.397+0000] {logging_mixin.py:188} INFO - [2026-05-15T09:20:07.390+0000] {dagbag.py:355} ERROR - Failed to import: /opt/airflow/dags/datawarehouse/dag2.py
Traceback (most recent call last):
  File "/home/airflow/.local/lib/python3.10/site-packages/airflow/models/dagbag.py", line 351, in parse
    loader.exec_module(new_module)
  File "<frozen importlib._bootstrap_external>", line 883, in exec_module
  File "<frozen importlib._bootstrap>", line 241, in _call_with_frames_removed
  File "/opt/airflow/dags/datawarehouse/dag2.py", line 5, in <module>
    from your_module import staging_table, core_table  # adapte le chemin
ModuleNotFoundError: No module named 'your_module'
[2026-05-15T09:20:07.400+0000] {processor.py:842} WARNING - No viable dags retrieved from /opt/airflow/dags/datawarehouse/dag2.py
[2026-05-15T09:20:07.430+0000] {processor.py:183} INFO - Processing /opt/airflow/dags/datawarehouse/dag2.py took 0.086 seconds
[2026-05-15T09:20:37.794+0000] {processor.py:161} INFO - Started process (PID=918) to work on /opt/airflow/dags/datawarehouse/dag2.py
[2026-05-15T09:20:37.796+0000] {processor.py:830} INFO - Processing file /opt/airflow/dags/datawarehouse/dag2.py for tasks to queue
[2026-05-15T09:20:37.797+0000] {logging_mixin.py:188} INFO - [2026-05-15T09:20:37.797+0000] {dagbag.py:545} INFO - Filling up the DagBag from /opt/airflow/dags/datawarehouse/dag2.py
[2026-05-15T09:20:37.820+0000] {logging_mixin.py:188} INFO - [2026-05-15T09:20:37.815+0000] {dagbag.py:355} ERROR - Failed to import: /opt/airflow/dags/datawarehouse/dag2.py
Traceback (most recent call last):
  File "/home/airflow/.local/lib/python3.10/site-packages/airflow/models/dagbag.py", line 351, in parse
    loader.exec_module(new_module)
  File "<frozen importlib._bootstrap_external>", line 883, in exec_module
  File "<frozen importlib._bootstrap>", line 241, in _call_with_frames_removed
  File "/opt/airflow/dags/datawarehouse/dag2.py", line 5, in <module>
    from your_module import staging_table, core_table  # adapte le chemin
ModuleNotFoundError: No module named 'your_module'
[2026-05-15T09:20:37.822+0000] {processor.py:842} WARNING - No viable dags retrieved from /opt/airflow/dags/datawarehouse/dag2.py
[2026-05-15T09:20:37.845+0000] {processor.py:183} INFO - Processing /opt/airflow/dags/datawarehouse/dag2.py took 0.061 seconds
[2026-05-15T09:21:08.479+0000] {processor.py:161} INFO - Started process (PID=926) to work on /opt/airflow/dags/datawarehouse/dag2.py
[2026-05-15T09:21:08.481+0000] {processor.py:830} INFO - Processing file /opt/airflow/dags/datawarehouse/dag2.py for tasks to queue
[2026-05-15T09:21:08.494+0000] {logging_mixin.py:188} INFO - [2026-05-15T09:21:08.494+0000] {dagbag.py:545} INFO - Filling up the DagBag from /opt/airflow/dags/datawarehouse/dag2.py
[2026-05-15T09:21:08.527+0000] {logging_mixin.py:188} INFO - [2026-05-15T09:21:08.521+0000] {dagbag.py:355} ERROR - Failed to import: /opt/airflow/dags/datawarehouse/dag2.py
Traceback (most recent call last):
  File "/home/airflow/.local/lib/python3.10/site-packages/airflow/models/dagbag.py", line 351, in parse
    loader.exec_module(new_module)
  File "<frozen importlib._bootstrap_external>", line 883, in exec_module
  File "<frozen importlib._bootstrap>", line 241, in _call_with_frames_removed
  File "/opt/airflow/dags/datawarehouse/dag2.py", line 5, in <module>
    from your_module import staging_table, core_table  # adapte le chemin
ModuleNotFoundError: No module named 'your_module'
[2026-05-15T09:21:08.530+0000] {processor.py:842} WARNING - No viable dags retrieved from /opt/airflow/dags/datawarehouse/dag2.py
[2026-05-15T09:21:08.557+0000] {processor.py:183} INFO - Processing /opt/airflow/dags/datawarehouse/dag2.py took 0.085 seconds
[2026-05-15T09:21:38.974+0000] {processor.py:161} INFO - Started process (PID=934) to work on /opt/airflow/dags/datawarehouse/dag2.py
[2026-05-15T09:21:38.976+0000] {processor.py:830} INFO - Processing file /opt/airflow/dags/datawarehouse/dag2.py for tasks to queue
[2026-05-15T09:21:38.978+0000] {logging_mixin.py:188} INFO - [2026-05-15T09:21:38.977+0000] {dagbag.py:545} INFO - Filling up the DagBag from /opt/airflow/dags/datawarehouse/dag2.py
[2026-05-15T09:21:39.007+0000] {logging_mixin.py:188} INFO - [2026-05-15T09:21:39.002+0000] {dagbag.py:355} ERROR - Failed to import: /opt/airflow/dags/datawarehouse/dag2.py
Traceback (most recent call last):
  File "/home/airflow/.local/lib/python3.10/site-packages/airflow/models/dagbag.py", line 351, in parse
    loader.exec_module(new_module)
  File "<frozen importlib._bootstrap_external>", line 883, in exec_module
  File "<frozen importlib._bootstrap>", line 241, in _call_with_frames_removed
  File "/opt/airflow/dags/datawarehouse/dag2.py", line 5, in <module>
    from your_module import staging_table, core_table  # adapte le chemin
ModuleNotFoundError: No module named 'your_module'
[2026-05-15T09:21:39.009+0000] {processor.py:842} WARNING - No viable dags retrieved from /opt/airflow/dags/datawarehouse/dag2.py
[2026-05-15T09:21:39.042+0000] {processor.py:183} INFO - Processing /opt/airflow/dags/datawarehouse/dag2.py took 0.075 seconds
[2026-05-15T09:22:09.408+0000] {processor.py:161} INFO - Started process (PID=942) to work on /opt/airflow/dags/datawarehouse/dag2.py
[2026-05-15T09:22:09.410+0000] {processor.py:830} INFO - Processing file /opt/airflow/dags/datawarehouse/dag2.py for tasks to queue
[2026-05-15T09:22:09.412+0000] {logging_mixin.py:188} INFO - [2026-05-15T09:22:09.412+0000] {dagbag.py:545} INFO - Filling up the DagBag from /opt/airflow/dags/datawarehouse/dag2.py
[2026-05-15T09:22:09.444+0000] {logging_mixin.py:188} INFO - [2026-05-15T09:22:09.439+0000] {dagbag.py:355} ERROR - Failed to import: /opt/airflow/dags/datawarehouse/dag2.py
Traceback (most recent call last):
  File "/home/airflow/.local/lib/python3.10/site-packages/airflow/models/dagbag.py", line 351, in parse
    loader.exec_module(new_module)
  File "<frozen importlib._bootstrap_external>", line 883, in exec_module
  File "<frozen importlib._bootstrap>", line 241, in _call_with_frames_removed
  File "/opt/airflow/dags/datawarehouse/dag2.py", line 5, in <module>
    from your_module import staging_table, core_table  # adapte le chemin
ModuleNotFoundError: No module named 'your_module'
[2026-05-15T09:22:09.447+0000] {processor.py:842} WARNING - No viable dags retrieved from /opt/airflow/dags/datawarehouse/dag2.py
[2026-05-15T09:22:09.474+0000] {processor.py:183} INFO - Processing /opt/airflow/dags/datawarehouse/dag2.py took 0.074 seconds
[2026-05-15T09:22:39.849+0000] {processor.py:161} INFO - Started process (PID=951) to work on /opt/airflow/dags/datawarehouse/dag2.py
[2026-05-15T09:22:39.851+0000] {processor.py:830} INFO - Processing file /opt/airflow/dags/datawarehouse/dag2.py for tasks to queue
[2026-05-15T09:22:39.852+0000] {logging_mixin.py:188} INFO - [2026-05-15T09:22:39.852+0000] {dagbag.py:545} INFO - Filling up the DagBag from /opt/airflow/dags/datawarehouse/dag2.py
[2026-05-15T09:22:39.887+0000] {logging_mixin.py:188} INFO - [2026-05-15T09:22:39.881+0000] {dagbag.py:355} ERROR - Failed to import: /opt/airflow/dags/datawarehouse/dag2.py
Traceback (most recent call last):
  File "/home/airflow/.local/lib/python3.10/site-packages/airflow/models/dagbag.py", line 351, in parse
    loader.exec_module(new_module)
  File "<frozen importlib._bootstrap_external>", line 883, in exec_module
  File "<frozen importlib._bootstrap>", line 241, in _call_with_frames_removed
  File "/opt/airflow/dags/datawarehouse/dag2.py", line 5, in <module>
    from your_module import staging_table, core_table  # adapte le chemin
ModuleNotFoundError: No module named 'your_module'
[2026-05-15T09:22:39.890+0000] {processor.py:842} WARNING - No viable dags retrieved from /opt/airflow/dags/datawarehouse/dag2.py
[2026-05-15T09:22:39.914+0000] {processor.py:183} INFO - Processing /opt/airflow/dags/datawarehouse/dag2.py took 0.073 seconds
[2026-05-15T09:23:10.327+0000] {processor.py:161} INFO - Started process (PID=959) to work on /opt/airflow/dags/datawarehouse/dag2.py
[2026-05-15T09:23:10.329+0000] {processor.py:830} INFO - Processing file /opt/airflow/dags/datawarehouse/dag2.py for tasks to queue
[2026-05-15T09:23:10.331+0000] {logging_mixin.py:188} INFO - [2026-05-15T09:23:10.331+0000] {dagbag.py:545} INFO - Filling up the DagBag from /opt/airflow/dags/datawarehouse/dag2.py
[2026-05-15T09:23:10.366+0000] {logging_mixin.py:188} INFO - [2026-05-15T09:23:10.357+0000] {dagbag.py:355} ERROR - Failed to import: /opt/airflow/dags/datawarehouse/dag2.py
Traceback (most recent call last):
  File "/home/airflow/.local/lib/python3.10/site-packages/airflow/models/dagbag.py", line 351, in parse
    loader.exec_module(new_module)
  File "<frozen importlib._bootstrap_external>", line 883, in exec_module
  File "<frozen importlib._bootstrap>", line 241, in _call_with_frames_removed
  File "/opt/airflow/dags/datawarehouse/dag2.py", line 5, in <module>
    from your_module import staging_table, core_table  # adapte le chemin
ModuleNotFoundError: No module named 'your_module'
[2026-05-15T09:23:10.370+0000] {processor.py:842} WARNING - No viable dags retrieved from /opt/airflow/dags/datawarehouse/dag2.py
[2026-05-15T09:23:10.434+0000] {processor.py:183} INFO - Processing /opt/airflow/dags/datawarehouse/dag2.py took 0.122 seconds
[2026-05-15T09:23:40.812+0000] {processor.py:161} INFO - Started process (PID=968) to work on /opt/airflow/dags/datawarehouse/dag2.py
[2026-05-15T09:23:40.814+0000] {processor.py:830} INFO - Processing file /opt/airflow/dags/datawarehouse/dag2.py for tasks to queue
[2026-05-15T09:23:40.816+0000] {logging_mixin.py:188} INFO - [2026-05-15T09:23:40.815+0000] {dagbag.py:545} INFO - Filling up the DagBag from /opt/airflow/dags/datawarehouse/dag2.py
[2026-05-15T09:23:40.853+0000] {logging_mixin.py:188} INFO - [2026-05-15T09:23:40.847+0000] {dagbag.py:355} ERROR - Failed to import: /opt/airflow/dags/datawarehouse/dag2.py
Traceback (most recent call last):
  File "/home/airflow/.local/lib/python3.10/site-packages/airflow/models/dagbag.py", line 351, in parse
    loader.exec_module(new_module)
  File "<frozen importlib._bootstrap_external>", line 883, in exec_module
  File "<frozen importlib._bootstrap>", line 241, in _call_with_frames_removed
  File "/opt/airflow/dags/datawarehouse/dag2.py", line 5, in <module>
    from your_module import staging_table, core_table  # adapte le chemin
ModuleNotFoundError: No module named 'your_module'
[2026-05-15T09:23:40.856+0000] {processor.py:842} WARNING - No viable dags retrieved from /opt/airflow/dags/datawarehouse/dag2.py
[2026-05-15T09:23:40.899+0000] {processor.py:183} INFO - Processing /opt/airflow/dags/datawarehouse/dag2.py took 0.101 seconds
