[2026-05-14T13:03:30.646+0000] {local_task_job_runner.py:120} INFO - ::group::Pre task execution logs
[2026-05-14T13:03:30.734+0000] {taskinstance.py:2076} INFO - Dependencies all met for dep_context=non-requeueable deps ti=<TaskInstance: produce_json.get_playlist_id scheduled__2026-05-13T13:00:00+00:00 [queued]>
[2026-05-14T13:03:30.776+0000] {taskinstance.py:2076} INFO - Dependencies all met for dep_context=requeueable deps ti=<TaskInstance: produce_json.get_playlist_id scheduled__2026-05-13T13:00:00+00:00 [queued]>
[2026-05-14T13:03:30.780+0000] {taskinstance.py:2306} INFO - Starting attempt 1 of 1
[2026-05-14T13:03:30.831+0000] {taskinstance.py:2330} INFO - Executing <Task(_PythonDecoratedOperator): get_playlist_id> on 2026-05-13 13:00:00+00:00
[2026-05-14T13:03:30.854+0000] {standard_task_runner.py:63} INFO - Started process 421 to run task
[2026-05-14T13:03:30.863+0000] {standard_task_runner.py:90} INFO - Running: ['airflow', 'tasks', 'run', 'produce_json', 'get_playlist_id', 'scheduled__2026-05-13T13:00:00+00:00', '--job-id', '19', '--raw', '--subdir', 'DAGS_FOLDER/main.py', '--cfg-path', '/tmp/tmpysmppw0z']
[2026-05-14T13:03:30.909+0000] {standard_task_runner.py:91} INFO - Job 19: Subtask get_playlist_id
[2026-05-14T13:03:31.277+0000] {task_command.py:426} INFO - Running <TaskInstance: produce_json.get_playlist_id scheduled__2026-05-13T13:00:00+00:00 [running]> on host 1645d50e2cab
[2026-05-14T13:03:31.677+0000] {taskinstance.py:2648} INFO - Exporting env vars: AIRFLOW_CTX_DAG_EMAIL='data@engineers.com' AIRFLOW_CTX_DAG_OWNER='dataengineers' AIRFLOW_CTX_DAG_ID='produce_json' AIRFLOW_CTX_TASK_ID='get_playlist_id' AIRFLOW_CTX_EXECUTION_DATE='2026-05-13T13:00:00+00:00' AIRFLOW_CTX_TRY_NUMBER='1' AIRFLOW_CTX_DAG_RUN_ID='scheduled__2026-05-13T13:00:00+00:00'
[2026-05-14T13:03:31.681+0000] {taskinstance.py:430} INFO - ::endgroup::
[2026-05-14T13:03:32.037+0000] {python.py:237} INFO - Done. Returned value was: UUrdfDuefkw6y1GD6ytIbb1Q
[2026-05-14T13:03:32.039+0000] {taskinstance.py:441} INFO - ::group::Post task execution logs
[2026-05-14T13:03:32.084+0000] {taskinstance.py:1206} INFO - Marking task as SUCCESS. dag_id=produce_json, task_id=get_playlist_id, run_id=scheduled__2026-05-13T13:00:00+00:00, execution_date=20260513T130000, start_date=20260514T130330, end_date=20260514T130332
[2026-05-14T13:03:32.124+0000] {local_task_job_runner.py:240} INFO - Task exited with return code 0
[2026-05-14T13:03:32.171+0000] {taskinstance.py:3503} INFO - 1 downstream tasks scheduled from follow-on schedule check
[2026-05-14T13:03:32.174+0000] {local_task_job_runner.py:222} INFO - ::endgroup::
[2026-05-15T09:53:51.749+0000] {local_task_job_runner.py:120} INFO - ::group::Pre task execution logs
[2026-05-15T09:53:51.800+0000] {taskinstance.py:2076} INFO - Dependencies all met for dep_context=non-requeueable deps ti=<TaskInstance: produce_json.get_playlist_id scheduled__2026-05-13T13:00:00+00:00 [queued]>
[2026-05-15T09:53:51.817+0000] {taskinstance.py:2076} INFO - Dependencies all met for dep_context=requeueable deps ti=<TaskInstance: produce_json.get_playlist_id scheduled__2026-05-13T13:00:00+00:00 [queued]>
[2026-05-15T09:53:51.818+0000] {taskinstance.py:2306} INFO - Starting attempt 1 of 1
[2026-05-15T09:53:51.844+0000] {taskinstance.py:2330} INFO - Executing <Task(_PythonDecoratedOperator): get_playlist_id> on 2026-05-13 13:00:00+00:00
[2026-05-15T09:53:51.851+0000] {standard_task_runner.py:63} INFO - Started process 74 to run task
[2026-05-15T09:53:51.858+0000] {standard_task_runner.py:90} INFO - Running: ['airflow', 'tasks', 'run', 'produce_json', 'get_playlist_id', 'scheduled__2026-05-13T13:00:00+00:00', '--job-id', '3', '--raw', '--subdir', 'DAGS_FOLDER/main.py', '--cfg-path', '/tmp/tmpwpkcile2']
[2026-05-15T09:53:51.860+0000] {standard_task_runner.py:91} INFO - Job 3: Subtask get_playlist_id
[2026-05-15T09:53:51.992+0000] {task_command.py:426} INFO - Running <TaskInstance: produce_json.get_playlist_id scheduled__2026-05-13T13:00:00+00:00 [running]> on host 433c86932b6a
[2026-05-15T09:53:52.154+0000] {taskinstance.py:2648} INFO - Exporting env vars: AIRFLOW_CTX_DAG_EMAIL='data@engineers.com' AIRFLOW_CTX_DAG_OWNER='dataengineers' AIRFLOW_CTX_DAG_ID='produce_json' AIRFLOW_CTX_TASK_ID='get_playlist_id' AIRFLOW_CTX_EXECUTION_DATE='2026-05-13T13:00:00+00:00' AIRFLOW_CTX_TRY_NUMBER='1' AIRFLOW_CTX_DAG_RUN_ID='scheduled__2026-05-13T13:00:00+00:00'
[2026-05-15T09:53:52.157+0000] {taskinstance.py:430} INFO - ::endgroup::
[2026-05-15T09:53:52.777+0000] {python.py:237} INFO - Done. Returned value was: UUrdfDuefkw6y1GD6ytIbb1Q
[2026-05-15T09:53:52.780+0000] {taskinstance.py:441} INFO - ::group::Post task execution logs
[2026-05-15T09:53:52.818+0000] {taskinstance.py:1206} INFO - Marking task as SUCCESS. dag_id=produce_json, task_id=get_playlist_id, run_id=scheduled__2026-05-13T13:00:00+00:00, execution_date=20260513T130000, start_date=20260515T095351, end_date=20260515T095352
[2026-05-15T09:53:52.878+0000] {local_task_job_runner.py:240} INFO - Task exited with return code 0
[2026-05-15T09:53:52.935+0000] {taskinstance.py:3503} INFO - 1 downstream tasks scheduled from follow-on schedule check
[2026-05-15T09:53:52.938+0000] {local_task_job_runner.py:222} INFO - ::endgroup::
