[2026-05-15T15:30:13.756+0000] {local_task_job_runner.py:120} INFO - ::group::Pre task execution logs
[2026-05-15T15:30:13.817+0000] {taskinstance.py:2076} INFO - Dependencies all met for dep_context=non-requeueable deps ti=<TaskInstance: update_db.staging_table manual__2026-05-15T15:24:59.459327+00:00 [queued]>
[2026-05-15T15:30:13.842+0000] {taskinstance.py:2076} INFO - Dependencies all met for dep_context=requeueable deps ti=<TaskInstance: update_db.staging_table manual__2026-05-15T15:24:59.459327+00:00 [queued]>
[2026-05-15T15:30:13.846+0000] {taskinstance.py:2306} INFO - Starting attempt 1 of 1
[2026-05-15T15:30:13.888+0000] {taskinstance.py:2330} INFO - Executing <Task(_PythonDecoratedOperator): staging_table> on 2026-05-15 15:24:59.459327+00:00
[2026-05-15T15:30:13.899+0000] {standard_task_runner.py:63} INFO - Started process 174 to run task
[2026-05-15T15:30:13.909+0000] {standard_task_runner.py:90} INFO - Running: ['airflow', 'tasks', 'run', 'update_db', 'staging_table', 'manual__2026-05-15T15:24:59.459327+00:00', '--job-id', '16', '--raw', '--subdir', 'DAGS_FOLDER/main.py', '--cfg-path', '/tmp/tmp90a2gqpj']
[2026-05-15T15:30:13.912+0000] {standard_task_runner.py:91} INFO - Job 16: Subtask staging_table
[2026-05-15T15:30:14.116+0000] {task_command.py:426} INFO - Running <TaskInstance: update_db.staging_table manual__2026-05-15T15:24:59.459327+00:00 [running]> on host ea5abef2704a
[2026-05-15T15:30:14.365+0000] {taskinstance.py:2648} INFO - Exporting env vars: AIRFLOW_CTX_DAG_EMAIL='data@engineers.com' AIRFLOW_CTX_DAG_OWNER='dataengineers' AIRFLOW_CTX_DAG_ID='update_db' AIRFLOW_CTX_TASK_ID='staging_table' AIRFLOW_CTX_EXECUTION_DATE='2026-05-15T15:24:59.459327+00:00' AIRFLOW_CTX_TRY_NUMBER='1' AIRFLOW_CTX_DAG_RUN_ID='manual__2026-05-15T15:24:59.459327+00:00'
[2026-05-15T15:30:14.369+0000] {taskinstance.py:430} INFO - ::endgroup::
[2026-05-15T15:30:14.400+0000] {base.py:84} INFO - Using connection ID 'postgres_db_yt_elt' for task execution.
[2026-05-15T15:30:14.409+0000] {data_loading.py:13} INFO - Processing file: YT_data_2026-05-15
[2026-05-15T15:30:14.433+0000] {base.py:84} INFO - Using connection ID 'postgres_db_yt_elt' for task execution.
[2026-05-15T15:30:14.456+0000] {base.py:84} INFO - Using connection ID 'postgres_db_yt_elt' for task execution.
[2026-05-15T15:30:14.478+0000] {data_modification.py:78} INFO - Updated row with Video_ID: 17s98-wKOIA
[2026-05-15T15:30:14.483+0000] {data_modification.py:78} INFO - Updated row with Video_ID: UamojHpGv18
[2026-05-15T15:30:14.488+0000] {data_modification.py:78} INFO - Updated row with Video_ID: d8R129bNIiw
[2026-05-15T15:30:14.494+0000] {data_modification.py:78} INFO - Updated row with Video_ID: EwgnAM0Qsx8
[2026-05-15T15:30:14.502+0000] {data_modification.py:78} INFO - Updated row with Video_ID: m842y0z66Ek
[2026-05-15T15:30:14.506+0000] {data_modification.py:78} INFO - Updated row with Video_ID: 8LYsNGQvhKA
[2026-05-15T15:30:14.509+0000] {data_modification.py:40} ERROR - Error inserting row with Video_ID: tUryfFvgSKY
[2026-05-15T15:30:14.512+0000] {dwh.py:58} ERROR - An error occurred during the update of staging table: duplicate key value violates unique constraint "yt_api_pkey"
DETAIL:  Key ("Video_ID")=(tUryfFvgSKY) already exists.

[2026-05-15T15:30:14.514+0000] {taskinstance.py:441} INFO - ::group::Post task execution logs
[2026-05-15T15:30:14.517+0000] {taskinstance.py:2905} ERROR - Task failed with exception
Traceback (most recent call last):
  File "/home/airflow/.local/lib/python3.10/site-packages/airflow/models/taskinstance.py", line 465, in _execute_task
    result = _execute_callable(context=context, **execute_callable_kwargs)
  File "/home/airflow/.local/lib/python3.10/site-packages/airflow/models/taskinstance.py", line 432, in _execute_callable
    return execute_callable(context=context, **execute_callable_kwargs)
  File "/home/airflow/.local/lib/python3.10/site-packages/airflow/models/baseoperator.py", line 401, in wrapper
    return func(self, *args, **kwargs)
  File "/home/airflow/.local/lib/python3.10/site-packages/airflow/decorators/base.py", line 265, in execute
    return_value = super().execute(context)
  File "/home/airflow/.local/lib/python3.10/site-packages/airflow/models/baseoperator.py", line 401, in wrapper
    return func(self, *args, **kwargs)
  File "/home/airflow/.local/lib/python3.10/site-packages/airflow/operators/python.py", line 235, in execute
    return_value = self.execute_callable()
  File "/home/airflow/.local/lib/python3.10/site-packages/airflow/operators/python.py", line 252, in execute_callable
    return self.python_callable(*self.op_args, **self.op_kwargs)
  File "/opt/airflow/dags/datawarehouse/dwh.py", line 59, in staging_table
    raise e
  File "/opt/airflow/dags/datawarehouse/dwh.py", line 46, in staging_table
    insert_rows(cur, conn, schema, row)
  File "/opt/airflow/dags/datawarehouse/data_modification.py", line 41, in insert_rows
    raise e
  File "/opt/airflow/dags/datawarehouse/data_modification.py", line 15, in insert_rows
    cur.execute(
  File "/home/airflow/.local/lib/python3.10/site-packages/psycopg2/extras.py", line 236, in execute
    return super().execute(query, vars)
psycopg2.errors.UniqueViolation: duplicate key value violates unique constraint "yt_api_pkey"
DETAIL:  Key ("Video_ID")=(tUryfFvgSKY) already exists.

[2026-05-15T15:30:14.599+0000] {taskinstance.py:1206} INFO - Marking task as FAILED. dag_id=update_db, task_id=staging_table, run_id=manual__2026-05-15T15:24:59.459327+00:00, execution_date=20260515T152459, start_date=20260515T153013, end_date=20260515T153014
[2026-05-15T15:30:14.631+0000] {standard_task_runner.py:110} ERROR - Failed to execute job 16 for task staging_table (duplicate key value violates unique constraint "yt_api_pkey"
DETAIL:  Key ("Video_ID")=(tUryfFvgSKY) already exists.
; 174)
[2026-05-15T15:30:14.661+0000] {local_task_job_runner.py:240} INFO - Task exited with return code 1
[2026-05-15T15:30:14.712+0000] {taskinstance.py:3503} INFO - 0 downstream tasks scheduled from follow-on schedule check
[2026-05-15T15:30:14.721+0000] {local_task_job_runner.py:222} INFO - ::endgroup::
