[2026-05-15T15:32:02.121+0000] {local_task_job_runner.py:120} INFO - ::group::Pre task execution logs
[2026-05-15T15:32:02.154+0000] {taskinstance.py:2076} INFO - Dependencies all met for dep_context=non-requeueable deps ti=<TaskInstance: update_db.staging_table manual__2026-05-15T15:32:01.077852+00:00 [queued]>
[2026-05-15T15:32:02.167+0000] {taskinstance.py:2076} INFO - Dependencies all met for dep_context=requeueable deps ti=<TaskInstance: update_db.staging_table manual__2026-05-15T15:32:01.077852+00:00 [queued]>
[2026-05-15T15:32:02.169+0000] {taskinstance.py:2306} INFO - Starting attempt 1 of 1
[2026-05-15T15:32:02.189+0000] {taskinstance.py:2330} INFO - Executing <Task(_PythonDecoratedOperator): staging_table> on 2026-05-15 15:32:01.077852+00:00
[2026-05-15T15:32:02.196+0000] {standard_task_runner.py:63} INFO - Started process 210 to run task
[2026-05-15T15:32:02.204+0000] {standard_task_runner.py:90} INFO - Running: ['airflow', 'tasks', 'run', 'update_db', 'staging_table', 'manual__2026-05-15T15:32:01.077852+00:00', '--job-id', '24', '--raw', '--subdir', 'DAGS_FOLDER/main.py', '--cfg-path', '/tmp/tmp9fu581xt']
[2026-05-15T15:32:02.206+0000] {standard_task_runner.py:91} INFO - Job 24: Subtask staging_table
[2026-05-15T15:32:02.295+0000] {task_command.py:426} INFO - Running <TaskInstance: update_db.staging_table manual__2026-05-15T15:32:01.077852+00:00 [running]> on host ea5abef2704a
[2026-05-15T15:32:02.392+0000] {taskinstance.py:2648} INFO - Exporting env vars: AIRFLOW_CTX_DAG_EMAIL='data@engineers.com' AIRFLOW_CTX_DAG_OWNER='dataengineers' AIRFLOW_CTX_DAG_ID='update_db' AIRFLOW_CTX_TASK_ID='staging_table' AIRFLOW_CTX_EXECUTION_DATE='2026-05-15T15:32:01.077852+00:00' AIRFLOW_CTX_TRY_NUMBER='1' AIRFLOW_CTX_DAG_RUN_ID='manual__2026-05-15T15:32:01.077852+00:00'
[2026-05-15T15:32:02.394+0000] {taskinstance.py:430} INFO - ::endgroup::
[2026-05-15T15:32:02.407+0000] {base.py:84} INFO - Using connection ID 'postgres_db_yt_elt' for task execution.
[2026-05-15T15:32:02.413+0000] {data_loading.py:13} INFO - Processing file: YT_data_2026-05-15
[2026-05-15T15:32:02.422+0000] {base.py:84} INFO - Using connection ID 'postgres_db_yt_elt' for task execution.
[2026-05-15T15:32:02.430+0000] {base.py:84} INFO - Using connection ID 'postgres_db_yt_elt' for task execution.
[2026-05-15T15:32:02.442+0000] {data_modification.py:78} INFO - Updated row with Video_ID: 17s98-wKOIA
[2026-05-15T15:32:02.445+0000] {data_modification.py:78} INFO - Updated row with Video_ID: UamojHpGv18
[2026-05-15T15:32:02.449+0000] {data_modification.py:78} INFO - Updated row with Video_ID: d8R129bNIiw
[2026-05-15T15:32:02.452+0000] {data_modification.py:78} INFO - Updated row with Video_ID: EwgnAM0Qsx8
[2026-05-15T15:32:02.455+0000] {data_modification.py:78} INFO - Updated row with Video_ID: m842y0z66Ek
[2026-05-15T15:32:02.459+0000] {data_modification.py:78} INFO - Updated row with Video_ID: 8LYsNGQvhKA
[2026-05-15T15:32:02.463+0000] {data_modification.py:78} INFO - Updated row with Video_ID: tUryfFvgSKY
[2026-05-15T15:32:02.467+0000] {data_modification.py:78} INFO - Updated row with Video_ID: 8Rlmz8WYTog
[2026-05-15T15:32:02.470+0000] {data_modification.py:78} INFO - Updated row with Video_ID: pvvDYIwQa54
[2026-05-15T15:32:02.474+0000] {data_modification.py:78} INFO - Updated row with Video_ID: y27aN-pbS3I
[2026-05-15T15:32:02.476+0000] {data_modification.py:78} INFO - Updated row with Video_ID: QfM6VWjv4IY
[2026-05-15T15:32:02.479+0000] {data_modification.py:78} INFO - Updated row with Video_ID: 2d1P5DOsxMk
[2026-05-15T15:32:02.482+0000] {data_modification.py:78} INFO - Updated row with Video_ID: Tn19KPtlBfQ
[2026-05-15T15:32:02.485+0000] {data_modification.py:78} INFO - Updated row with Video_ID: bYwsCiSXUkA
[2026-05-15T15:32:02.487+0000] {data_modification.py:78} INFO - Updated row with Video_ID: FwiWKic74YA
[2026-05-15T15:32:02.490+0000] {data_modification.py:78} INFO - Updated row with Video_ID: 1jc07UoLyUg
[2026-05-15T15:32:02.493+0000] {data_modification.py:78} INFO - Updated row with Video_ID: riDAZbBOqeM
[2026-05-15T15:32:02.496+0000] {data_modification.py:78} INFO - Updated row with Video_ID: LGghYpiAMDM
[2026-05-15T15:32:02.499+0000] {data_modification.py:78} INFO - Updated row with Video_ID: 3XFfoInUpWk
[2026-05-15T15:32:02.502+0000] {data_modification.py:78} INFO - Updated row with Video_ID: ncb0rSgenr8
[2026-05-15T15:32:02.505+0000] {data_modification.py:78} INFO - Updated row with Video_ID: K6lTmsgGYp4
[2026-05-15T15:32:02.508+0000] {data_modification.py:78} INFO - Updated row with Video_ID: NN9QVES93SY
[2026-05-15T15:32:02.510+0000] {data_modification.py:78} INFO - Updated row with Video_ID: kWp_x-N0LD0
[2026-05-15T15:32:02.513+0000] {data_modification.py:78} INFO - Updated row with Video_ID: 9YM7xT_6b9o
[2026-05-15T15:32:02.516+0000] {data_modification.py:78} INFO - Updated row with Video_ID: nJPK3mRRW3Q
[2026-05-15T15:32:02.519+0000] {data_modification.py:78} INFO - Updated row with Video_ID: scTineeRav0
[2026-05-15T15:32:02.527+0000] {data_modification.py:78} INFO - Updated row with Video_ID: FxjFs66mhZQ
[2026-05-15T15:32:02.531+0000] {data_modification.py:78} INFO - Updated row with Video_ID: 6PwiuLYBQQ0
[2026-05-15T15:32:02.533+0000] {data_modification.py:78} INFO - Updated row with Video_ID: DAH5ds2-nmk
[2026-05-15T15:32:02.536+0000] {data_modification.py:78} INFO - Updated row with Video_ID: f7qONTH2PTQ
[2026-05-15T15:32:02.539+0000] {data_modification.py:78} INFO - Updated row with Video_ID: NEkVQu7Lg4E
[2026-05-15T15:32:02.542+0000] {data_modification.py:78} INFO - Updated row with Video_ID: HtVG0wG1C-Q
[2026-05-15T15:32:02.545+0000] {data_modification.py:78} INFO - Updated row with Video_ID: KU46bK3K3sI
[2026-05-15T15:32:02.548+0000] {data_modification.py:78} INFO - Updated row with Video_ID: xVFGI49Y_qs
[2026-05-15T15:32:02.551+0000] {data_modification.py:78} INFO - Updated row with Video_ID: nYtxLD_Bv6M
[2026-05-15T15:32:02.554+0000] {data_modification.py:78} INFO - Updated row with Video_ID: J4JJhAozNCM
[2026-05-15T15:32:02.557+0000] {data_modification.py:78} INFO - Updated row with Video_ID: zPCtAeEFrlM
[2026-05-15T15:32:02.560+0000] {data_modification.py:78} INFO - Updated row with Video_ID: rDcotjJAgx0
[2026-05-15T15:32:02.563+0000] {data_modification.py:78} INFO - Updated row with Video_ID: vJC6FI4O2Hk
[2026-05-15T15:32:02.566+0000] {data_modification.py:78} INFO - Updated row with Video_ID: tvK3mr6_gjs
[2026-05-15T15:32:02.569+0000] {data_modification.py:78} INFO - Updated row with Video_ID: nGwhflvhXCk
[2026-05-15T15:32:02.573+0000] {data_modification.py:78} INFO - Updated row with Video_ID: ldRWQduBLVc
[2026-05-15T15:32:02.575+0000] {data_modification.py:78} INFO - Updated row with Video_ID: IKDGOytY288
[2026-05-15T15:32:02.579+0000] {data_modification.py:78} INFO - Updated row with Video_ID: OWu7LQ66EIM
[2026-05-15T15:32:02.582+0000] {data_modification.py:78} INFO - Updated row with Video_ID: TiYO-WsiJ9k
[2026-05-15T15:32:02.585+0000] {data_modification.py:78} INFO - Updated row with Video_ID: 31wDHMDwcbU
[2026-05-15T15:32:02.588+0000] {data_modification.py:78} INFO - Updated row with Video_ID: iB7GR4bdJ2A
[2026-05-15T15:32:02.591+0000] {data_modification.py:78} INFO - Updated row with Video_ID: 7idGU2zpWCw
[2026-05-15T15:32:02.595+0000] {data_modification.py:78} INFO - Updated row with Video_ID: BpxIdvwQiXc
[2026-05-15T15:32:02.598+0000] {data_modification.py:78} INFO - Updated row with Video_ID: FlCRtbBuDO8
[2026-05-15T15:32:02.601+0000] {data_modification.py:78} INFO - Updated row with Video_ID: JqLXPEMzI-Q
[2026-05-15T15:32:02.604+0000] {data_modification.py:78} INFO - Updated row with Video_ID: r6e-0gw4bo4
[2026-05-15T15:32:02.607+0000] {data_modification.py:78} INFO - Updated row with Video_ID: WGU3ky4IkMs
[2026-05-15T15:32:02.610+0000] {data_modification.py:78} INFO - Updated row with Video_ID: VsNZ9umIwJA
[2026-05-15T15:32:02.613+0000] {data_modification.py:78} INFO - Updated row with Video_ID: tYTv3ej69uo
[2026-05-15T15:32:02.617+0000] {data_modification.py:78} INFO - Updated row with Video_ID: AdgyI1gLa-s
[2026-05-15T15:32:02.620+0000] {data_modification.py:78} INFO - Updated row with Video_ID: Mbg1JYMoc8c
[2026-05-15T15:32:02.623+0000] {data_modification.py:78} INFO - Updated row with Video_ID: lQzw9uGsOiA
[2026-05-15T15:32:02.627+0000] {data_modification.py:78} INFO - Updated row with Video_ID: JVeY08LkYTM
[2026-05-15T15:32:02.630+0000] {data_modification.py:78} INFO - Updated row with Video_ID: oHg_pzuZ3PE
[2026-05-15T15:32:02.634+0000] {data_modification.py:78} INFO - Updated row with Video_ID: XGNjNgia8tY
[2026-05-15T15:32:02.636+0000] {data_modification.py:78} INFO - Updated row with Video_ID: cubo3kPOSoQ
[2026-05-15T15:32:02.639+0000] {data_modification.py:78} INFO - Updated row with Video_ID: sJycXYbO1E0
[2026-05-15T15:32:02.643+0000] {data_modification.py:78} INFO - Updated row with Video_ID: oNrJKCPL0r0
[2026-05-15T15:32:02.646+0000] {data_modification.py:78} INFO - Updated row with Video_ID: ycm-Az4VrDM
[2026-05-15T15:32:02.650+0000] {data_modification.py:78} INFO - Updated row with Video_ID: Ik-OGT13lY0
[2026-05-15T15:32:02.652+0000] {data_modification.py:78} INFO - Updated row with Video_ID: qdE4SDgoo38
[2026-05-15T15:32:02.656+0000] {data_modification.py:78} INFO - Updated row with Video_ID: xZ6X1_2XAk4
[2026-05-15T15:32:02.659+0000] {data_modification.py:78} INFO - Updated row with Video_ID: sLYE_AMpV1k
[2026-05-15T15:32:02.662+0000] {data_modification.py:78} INFO - Updated row with Video_ID: yccCbdtRVmI
[2026-05-15T15:32:02.665+0000] {data_modification.py:78} INFO - Updated row with Video_ID: sn3nqb-xVjE
[2026-05-15T15:32:02.669+0000] {data_modification.py:78} INFO - Updated row with Video_ID: nECfxMKTT3E
[2026-05-15T15:32:02.672+0000] {data_modification.py:78} INFO - Updated row with Video_ID: UZkfW-ncJgM
[2026-05-15T15:32:02.675+0000] {data_modification.py:78} INFO - Updated row with Video_ID: sMepqKjI9lg
[2026-05-15T15:32:02.678+0000] {data_modification.py:78} INFO - Updated row with Video_ID: iNW6pWkdUKY
[2026-05-15T15:32:02.682+0000] {data_modification.py:78} INFO - Updated row with Video_ID: vG-rfo1TLAA
[2026-05-15T15:32:02.685+0000] {data_modification.py:78} INFO - Updated row with Video_ID: xtE23bnnUqg
[2026-05-15T15:32:02.689+0000] {data_modification.py:78} INFO - Updated row with Video_ID: t6-rfYGksvY
[2026-05-15T15:32:02.692+0000] {data_modification.py:78} INFO - Updated row with Video_ID: qJR5C7RUC9E
[2026-05-15T15:32:02.696+0000] {data_modification.py:78} INFO - Updated row with Video_ID: ONVe-v-LdDI
[2026-05-15T15:32:02.699+0000] {data_modification.py:78} INFO - Updated row with Video_ID: -DAImeMXlzA
[2026-05-15T15:32:02.703+0000] {data_modification.py:78} INFO - Updated row with Video_ID: l0tcccjWZvo
[2026-05-15T15:32:02.707+0000] {data_modification.py:78} INFO - Updated row with Video_ID: wDRT4wWSrF4
[2026-05-15T15:32:02.710+0000] {data_modification.py:78} INFO - Updated row with Video_ID: Ob5j3juHg-s
[2026-05-15T15:32:02.714+0000] {data_modification.py:78} INFO - Updated row with Video_ID: IPxu2ENFTOU
[2026-05-15T15:32:02.718+0000] {data_modification.py:78} INFO - Updated row with Video_ID: cLpr5veFaNM
[2026-05-15T15:32:02.722+0000] {data_modification.py:78} INFO - Updated row with Video_ID: mRefVGoIxis
[2026-05-15T15:32:02.725+0000] {data_modification.py:78} INFO - Updated row with Video_ID: UgtnkNucajo
[2026-05-15T15:32:02.729+0000] {data_modification.py:78} INFO - Updated row with Video_ID: znaz7ZyeSnI
[2026-05-15T15:32:02.732+0000] {data_modification.py:78} INFO - Updated row with Video_ID: JlSyZ_M_1Ug
[2026-05-15T15:32:02.736+0000] {data_modification.py:78} INFO - Updated row with Video_ID: qtndLFEJOf0
[2026-05-15T15:32:02.740+0000] {data_modification.py:78} INFO - Updated row with Video_ID: m6qe82qQD3o
[2026-05-15T15:32:02.745+0000] {data_modification.py:78} INFO - Updated row with Video_ID: TC-jEch9_Yw
[2026-05-15T15:32:02.749+0000] {data_modification.py:78} INFO - Updated row with Video_ID: oA7fe9J-ISc
[2026-05-15T15:32:02.753+0000] {data_modification.py:78} INFO - Updated row with Video_ID: swPRyee5Cpg
[2026-05-15T15:32:02.756+0000] {data_modification.py:78} INFO - Updated row with Video_ID: PPvJfYt1Bjc
[2026-05-15T15:32:02.759+0000] {data_modification.py:78} INFO - Updated row with Video_ID: XJM0JLXV49E
[2026-05-15T15:32:02.763+0000] {data_modification.py:78} INFO - Updated row with Video_ID: jgpgnwYzOF8
[2026-05-15T15:32:02.766+0000] {data_modification.py:78} INFO - Updated row with Video_ID: EIlCWzAbpYQ
[2026-05-15T15:32:02.770+0000] {data_modification.py:78} INFO - Updated row with Video_ID: nwQDpN9kGY4
[2026-05-15T15:32:02.774+0000] {data_modification.py:78} INFO - Updated row with Video_ID: 8zJppvGYplU
[2026-05-15T15:32:02.777+0000] {data_modification.py:78} INFO - Updated row with Video_ID: VM9h7Hz3XEM
[2026-05-15T15:32:02.782+0000] {data_modification.py:78} INFO - Updated row with Video_ID: 6tYvNl17zLo
[2026-05-15T15:32:02.786+0000] {data_modification.py:78} INFO - Updated row with Video_ID: kyohcXigdM8
[2026-05-15T15:32:02.790+0000] {data_modification.py:78} INFO - Updated row with Video_ID: KB-GB0Q9rd4
[2026-05-15T15:32:02.793+0000] {data_modification.py:78} INFO - Updated row with Video_ID: vGbnCNwMs3A
[2026-05-15T15:32:02.797+0000] {data_modification.py:78} INFO - Updated row with Video_ID: saezPbxxrdc
[2026-05-15T15:32:02.801+0000] {data_modification.py:78} INFO - Updated row with Video_ID: B630_zJbDY4
[2026-05-15T15:32:02.804+0000] {data_modification.py:78} INFO - Updated row with Video_ID: oozdYNTpaJA
[2026-05-15T15:32:02.808+0000] {data_modification.py:78} INFO - Updated row with Video_ID: rZIPCc3Ahgk
[2026-05-15T15:32:02.811+0000] {data_modification.py:78} INFO - Updated row with Video_ID: oRX2L9zDtq4
[2026-05-15T15:32:02.814+0000] {data_modification.py:78} INFO - Updated row with Video_ID: VWRk3vSTucg
[2026-05-15T15:32:02.817+0000] {data_modification.py:78} INFO - Updated row with Video_ID: L1eBIsbw_Y4
[2026-05-15T15:32:02.821+0000] {data_modification.py:78} INFO - Updated row with Video_ID: q5Bq67ptXnE
[2026-05-15T15:32:02.824+0000] {data_modification.py:78} INFO - Updated row with Video_ID: 2SBZhi15DNY
[2026-05-15T15:32:02.828+0000] {data_modification.py:78} INFO - Updated row with Video_ID: I2zTQcnlavY
[2026-05-15T15:32:02.832+0000] {data_modification.py:78} INFO - Updated row with Video_ID: -DipSn_JE_g
[2026-05-15T15:32:02.836+0000] {data_modification.py:78} INFO - Updated row with Video_ID: zlKKGimE1Ks
[2026-05-15T15:32:02.839+0000] {data_modification.py:78} INFO - Updated row with Video_ID: hSk5EWVS-c8
[2026-05-15T15:32:02.843+0000] {data_modification.py:78} INFO - Updated row with Video_ID: kEe-46Pn0ng
[2026-05-15T15:32:02.846+0000] {data_modification.py:78} INFO - Updated row with Video_ID: unWM_eWdBt8
[2026-05-15T15:32:02.850+0000] {data_modification.py:78} INFO - Updated row with Video_ID: Dlihy2A_W5k
[2026-05-15T15:32:02.853+0000] {data_modification.py:78} INFO - Updated row with Video_ID: 92BPobsdT8Q
[2026-05-15T15:32:02.857+0000] {data_modification.py:78} INFO - Updated row with Video_ID: uYNqHF5vtJk
[2026-05-15T15:32:02.861+0000] {data_modification.py:78} INFO - Updated row with Video_ID: DtaqofG7DLA
[2026-05-15T15:32:02.865+0000] {data_modification.py:78} INFO - Updated row with Video_ID: 8ycFYAw-BDE
[2026-05-15T15:32:02.869+0000] {data_modification.py:78} INFO - Updated row with Video_ID: G3S_zZSwdYw
[2026-05-15T15:32:02.873+0000] {data_modification.py:78} INFO - Updated row with Video_ID: Zjeem0EIbP8
[2026-05-15T15:32:02.877+0000] {data_modification.py:78} INFO - Updated row with Video_ID: afSbgH30VvE
[2026-05-15T15:32:02.881+0000] {data_modification.py:78} INFO - Updated row with Video_ID: 65e-jldQji8
[2026-05-15T15:32:02.885+0000] {data_modification.py:78} INFO - Updated row with Video_ID: _NWRkdA27CQ
[2026-05-15T15:32:02.890+0000] {data_modification.py:78} INFO - Updated row with Video_ID: tFSvHZgxnA8
[2026-05-15T15:32:02.894+0000] {data_modification.py:78} INFO - Updated row with Video_ID: cn8i0-a3mCU
[2026-05-15T15:32:02.898+0000] {data_modification.py:78} INFO - Updated row with Video_ID: FUVRuV1s0sc
[2026-05-15T15:32:02.902+0000] {data_modification.py:78} INFO - Updated row with Video_ID: jx8FZqMj4nI
[2026-05-15T15:32:02.906+0000] {data_modification.py:78} INFO - Updated row with Video_ID: GvcWC6owNo0
[2026-05-15T15:32:02.910+0000] {data_modification.py:78} INFO - Updated row with Video_ID: aGy-ny5Vu1M
[2026-05-15T15:32:02.914+0000] {data_modification.py:78} INFO - Updated row with Video_ID: 1xgsRm7SQI8
[2026-05-15T15:32:02.918+0000] {data_modification.py:78} INFO - Updated row with Video_ID: sOQaDQkAY94
[2026-05-15T15:32:02.923+0000] {data_modification.py:78} INFO - Updated row with Video_ID: a_kkTJRKT_Q
[2026-05-15T15:32:02.927+0000] {data_modification.py:78} INFO - Updated row with Video_ID: S4Ecb-6AINU
[2026-05-15T15:32:02.931+0000] {data_modification.py:78} INFO - Updated row with Video_ID: FOsDf-GkEbE
[2026-05-15T15:32:02.935+0000] {data_modification.py:78} INFO - Updated row with Video_ID: 4HHIKicRrzo
[2026-05-15T15:32:02.938+0000] {data_modification.py:78} INFO - Updated row with Video_ID: n9oqYfAR8Vo
[2026-05-15T15:32:02.941+0000] {data_modification.py:78} INFO - Updated row with Video_ID: t3SARSWe0Ds
[2026-05-15T15:32:02.943+0000] {data_modification.py:78} INFO - Updated row with Video_ID: vz9J5EgiYtY
[2026-05-15T15:32:02.946+0000] {data_modification.py:78} INFO - Updated row with Video_ID: oaaWBeKPMM8
[2026-05-15T15:32:02.949+0000] {data_modification.py:78} INFO - Updated row with Video_ID: Ng_45GhSl0w
[2026-05-15T15:32:02.951+0000] {data_modification.py:78} INFO - Updated row with Video_ID: Av_2xU18eWY
[2026-05-15T15:32:02.954+0000] {data_modification.py:78} INFO - Updated row with Video_ID: Q0Na-ePUgyU
[2026-05-15T15:32:02.957+0000] {data_modification.py:78} INFO - Updated row with Video_ID: Vfn9lFA2oi8
[2026-05-15T15:32:02.959+0000] {data_modification.py:78} INFO - Updated row with Video_ID: Qb1wLQMyfLw
[2026-05-15T15:32:02.963+0000] {data_modification.py:78} INFO - Updated row with Video_ID: fiqRNsFbF14
[2026-05-15T15:32:02.966+0000] {data_modification.py:78} INFO - Updated row with Video_ID: W2nmH0Hh8bw
[2026-05-15T15:32:02.968+0000] {data_modification.py:78} INFO - Updated row with Video_ID: CW3eEUpr7q0
[2026-05-15T15:32:02.971+0000] {data_modification.py:78} INFO - Updated row with Video_ID: iAbkXrexALk
[2026-05-15T15:32:02.974+0000] {data_modification.py:78} INFO - Updated row with Video_ID: HxdX6jtA17Q
[2026-05-15T15:32:02.977+0000] {data_modification.py:78} INFO - Updated row with Video_ID: wbUjK29xy3Q
[2026-05-15T15:32:02.979+0000] {data_modification.py:78} INFO - Updated row with Video_ID: SBp3t_P1Xh4
[2026-05-15T15:32:02.982+0000] {data_modification.py:78} INFO - Updated row with Video_ID: aXDpqZZHWYg
[2026-05-15T15:32:02.985+0000] {data_modification.py:78} INFO - Updated row with Video_ID: gpZ6uay_4wg
[2026-05-15T15:32:02.988+0000] {data_modification.py:78} INFO - Updated row with Video_ID: RppxeRkYja8
[2026-05-15T15:32:02.990+0000] {data_modification.py:78} INFO - Updated row with Video_ID: 0q2uK5Bv360
[2026-05-15T15:32:02.994+0000] {data_modification.py:78} INFO - Updated row with Video_ID: DBfyG_4nJFE
[2026-05-15T15:32:02.997+0000] {data_modification.py:78} INFO - Updated row with Video_ID: v-XKKxHnq7I
[2026-05-15T15:32:03.000+0000] {data_modification.py:78} INFO - Updated row with Video_ID: 04uQXIz1YKs
[2026-05-15T15:32:03.003+0000] {data_modification.py:78} INFO - Updated row with Video_ID: CC7Y4rJNpvg
[2026-05-15T15:32:03.006+0000] {data_modification.py:78} INFO - Updated row with Video_ID: Dby50Eg4lmM
[2026-05-15T15:32:03.009+0000] {data_modification.py:78} INFO - Updated row with Video_ID: 4P3YO-CPFTI
[2026-05-15T15:32:03.012+0000] {data_modification.py:78} INFO - Updated row with Video_ID: JdlsJTnq1CI
[2026-05-15T15:32:03.015+0000] {data_modification.py:78} INFO - Updated row with Video_ID: NeyHuLw6Zl8
[2026-05-15T15:32:03.018+0000] {data_modification.py:78} INFO - Updated row with Video_ID: NTikqiZEXJY
[2026-05-15T15:32:03.022+0000] {data_modification.py:78} INFO - Updated row with Video_ID: oH_koA_RROA
[2026-05-15T15:32:03.025+0000] {data_modification.py:78} INFO - Updated row with Video_ID: 7kA90s9ZvFw
[2026-05-15T15:32:03.028+0000] {data_modification.py:78} INFO - Updated row with Video_ID: V5PQlUV-7AI
[2026-05-15T15:32:03.031+0000] {data_modification.py:78} INFO - Updated row with Video_ID: 7Tx-BFH8OBE
[2026-05-15T15:32:03.034+0000] {data_modification.py:78} INFO - Updated row with Video_ID: yuWu9GC1aeg
[2026-05-15T15:32:03.037+0000] {data_modification.py:78} INFO - Updated row with Video_ID: Zr-Nf3KnzPs
[2026-05-15T15:32:03.039+0000] {data_modification.py:78} INFO - Updated row with Video_ID: octFKQ8ODyU
[2026-05-15T15:32:03.042+0000] {data_modification.py:78} INFO - Updated row with Video_ID: faDFAM1AibA
[2026-05-15T15:32:03.045+0000] {data_modification.py:78} INFO - Updated row with Video_ID: -EeokuO9Vfo
[2026-05-15T15:32:03.048+0000] {data_modification.py:78} INFO - Updated row with Video_ID: VjCoxeXje9c
[2026-05-15T15:32:03.052+0000] {data_modification.py:78} INFO - Updated row with Video_ID: LXnklBMu1oQ
[2026-05-15T15:32:03.055+0000] {data_modification.py:78} INFO - Updated row with Video_ID: p9b7lIzdOMI
[2026-05-15T15:32:03.058+0000] {data_modification.py:78} INFO - Updated row with Video_ID: qvYsXcDTaHY
[2026-05-15T15:32:03.061+0000] {data_modification.py:78} INFO - Updated row with Video_ID: QjEriNaXfSA
[2026-05-15T15:32:03.064+0000] {data_modification.py:78} INFO - Updated row with Video_ID: y1ZmWtUqjeM
[2026-05-15T15:32:03.067+0000] {data_modification.py:78} INFO - Updated row with Video_ID: OsQ4lHoozDo
[2026-05-15T15:32:03.069+0000] {data_modification.py:78} INFO - Updated row with Video_ID: shNqlZMmSFU
[2026-05-15T15:32:03.072+0000] {data_modification.py:78} INFO - Updated row with Video_ID: -eabGjX8HJA
[2026-05-15T15:32:03.075+0000] {data_modification.py:78} INFO - Updated row with Video_ID: jq2nGFX7OL4
[2026-05-15T15:32:03.078+0000] {data_modification.py:78} INFO - Updated row with Video_ID: 87F9PMeK-P8
[2026-05-15T15:32:03.082+0000] {data_modification.py:78} INFO - Updated row with Video_ID: JGBApDyxMQI
[2026-05-15T15:32:03.085+0000] {data_modification.py:78} INFO - Updated row with Video_ID: grW6TyMJFTU
[2026-05-15T15:32:03.088+0000] {data_modification.py:78} INFO - Updated row with Video_ID: ReN9Fi6RS74
[2026-05-15T15:32:03.091+0000] {data_modification.py:78} INFO - Updated row with Video_ID: lxjOHf4RyZk
[2026-05-15T15:32:03.094+0000] {data_modification.py:78} INFO - Updated row with Video_ID: LVvDMU4s_OU
[2026-05-15T15:32:03.097+0000] {data_modification.py:78} INFO - Updated row with Video_ID: 17jLjkTYtS4
[2026-05-15T15:32:03.099+0000] {data_modification.py:78} INFO - Updated row with Video_ID: YUr6-RAjq9k
[2026-05-15T15:32:03.103+0000] {data_modification.py:78} INFO - Updated row with Video_ID: UmEdhVXBDXg
[2026-05-15T15:32:03.106+0000] {data_modification.py:78} INFO - Updated row with Video_ID: GncbbUVDHVM
[2026-05-15T15:32:03.110+0000] {data_modification.py:78} INFO - Updated row with Video_ID: U4EidAOjekU
[2026-05-15T15:32:03.114+0000] {data_modification.py:78} INFO - Updated row with Video_ID: j-G086IsAMQ
[2026-05-15T15:32:03.117+0000] {data_modification.py:78} INFO - Updated row with Video_ID: vNPRos0UscE
[2026-05-15T15:32:03.120+0000] {data_modification.py:78} INFO - Updated row with Video_ID: uySVAtuGJIs
[2026-05-15T15:32:03.123+0000] {data_modification.py:78} INFO - Updated row with Video_ID: V3WetxM_mq8
[2026-05-15T15:32:03.126+0000] {data_modification.py:78} INFO - Updated row with Video_ID: 4KN18sILCWM
[2026-05-15T15:32:03.129+0000] {data_modification.py:78} INFO - Updated row with Video_ID: sNFQ2NiClLY
[2026-05-15T15:32:03.132+0000] {data_modification.py:78} INFO - Updated row with Video_ID: b8FsxkXBK9g
[2026-05-15T15:32:03.136+0000] {data_modification.py:78} INFO - Updated row with Video_ID: YCzE0EZvsC8
[2026-05-15T15:32:03.139+0000] {data_modification.py:78} INFO - Updated row with Video_ID: Lk9sDNgtgFA
[2026-05-15T15:32:03.142+0000] {data_modification.py:78} INFO - Updated row with Video_ID: QvR6ya398LM
[2026-05-15T15:32:03.145+0000] {data_modification.py:78} INFO - Updated row with Video_ID: uQQYR4IOBko
[2026-05-15T15:32:03.148+0000] {data_modification.py:78} INFO - Updated row with Video_ID: 4zOoz46h5A4
[2026-05-15T15:32:03.150+0000] {dwh.py:55} INFO - staging table update completed
[2026-05-15T15:32:03.151+0000] {python.py:237} INFO - Done. Returned value was: None
[2026-05-15T15:32:03.152+0000] {taskinstance.py:441} INFO - ::group::Post task execution logs
[2026-05-15T15:32:03.169+0000] {taskinstance.py:1206} INFO - Marking task as SUCCESS. dag_id=update_db, task_id=staging_table, run_id=manual__2026-05-15T15:32:01.077852+00:00, execution_date=20260515T153201, start_date=20260515T153202, end_date=20260515T153203
[2026-05-15T15:32:03.221+0000] {local_task_job_runner.py:240} INFO - Task exited with return code 0
[2026-05-15T15:32:03.244+0000] {taskinstance.py:3503} INFO - 1 downstream tasks scheduled from follow-on schedule check
[2026-05-15T15:32:03.248+0000] {local_task_job_runner.py:222} INFO - ::endgroup::
