[2026-05-15T09:15:39.596+0000] {local_task_job_runner.py:120} INFO - ::group::Pre task execution logs
[2026-05-15T09:15:39.643+0000] {taskinstance.py:2076} INFO - Dependencies all met for dep_context=non-requeueable deps ti=<TaskInstance: update_db.core_table scheduled__2026-05-13T13:00:00+00:00 [queued]>
[2026-05-15T09:15:39.659+0000] {taskinstance.py:2076} INFO - Dependencies all met for dep_context=requeueable deps ti=<TaskInstance: update_db.core_table scheduled__2026-05-13T13:00:00+00:00 [queued]>
[2026-05-15T09:15:39.661+0000] {taskinstance.py:2306} INFO - Starting attempt 1 of 1
[2026-05-15T09:15:39.689+0000] {taskinstance.py:2330} INFO - Executing <Task(_PythonDecoratedOperator): core_table> on 2026-05-13 13:00:00+00:00
[2026-05-15T09:15:39.699+0000] {standard_task_runner.py:63} INFO - Started process 774 to run task
[2026-05-15T09:15:39.707+0000] {standard_task_runner.py:90} INFO - Running: ['airflow', 'tasks', 'run', 'update_db', 'core_table', 'scheduled__2026-05-13T13:00:00+00:00', '--job-id', '29', '--raw', '--subdir', 'DAGS_FOLDER/main.py', '--cfg-path', '/tmp/tmpk7qsdov5']
[2026-05-15T09:15:39.709+0000] {standard_task_runner.py:91} INFO - Job 29: Subtask core_table
[2026-05-15T09:15:39.814+0000] {task_command.py:426} INFO - Running <TaskInstance: update_db.core_table scheduled__2026-05-13T13:00:00+00:00 [running]> on host 1645d50e2cab
[2026-05-15T09:15:39.919+0000] {taskinstance.py:2648} INFO - Exporting env vars: AIRFLOW_CTX_DAG_EMAIL='data@engineers.com' AIRFLOW_CTX_DAG_OWNER='dataengineers' AIRFLOW_CTX_DAG_ID='update_db' AIRFLOW_CTX_TASK_ID='core_table' AIRFLOW_CTX_EXECUTION_DATE='2026-05-13T13:00:00+00:00' AIRFLOW_CTX_TRY_NUMBER='1' AIRFLOW_CTX_DAG_RUN_ID='scheduled__2026-05-13T13:00:00+00:00'
[2026-05-15T09:15:39.921+0000] {taskinstance.py:430} INFO - ::endgroup::
[2026-05-15T09:15:39.928+0000] {base.py:84} INFO - Using connection ID 'postgres_db_yt_elt' for task execution.
[2026-05-15T09:15:39.936+0000] {base.py:84} INFO - Using connection ID 'postgres_db_yt_elt' for task execution.
[2026-05-15T09:15:39.945+0000] {base.py:84} INFO - Using connection ID 'postgres_db_yt_elt' for task execution.
[2026-05-15T09:15:39.971+0000] {data_modification.py:37} INFO - Inserted row with Video_ID: 17s98-wKOIA
[2026-05-15T09:15:39.974+0000] {data_modification.py:37} INFO - Inserted row with Video_ID: UamojHpGv18
[2026-05-15T09:15:39.978+0000] {data_modification.py:37} INFO - Inserted row with Video_ID: d8R129bNIiw
[2026-05-15T09:15:39.981+0000] {data_modification.py:37} INFO - Inserted row with Video_ID: EwgnAM0Qsx8
[2026-05-15T09:15:39.985+0000] {data_modification.py:37} INFO - Inserted row with Video_ID: m842y0z66Ek
[2026-05-15T09:15:39.988+0000] {data_modification.py:37} INFO - Inserted row with Video_ID: 8LYsNGQvhKA
[2026-05-15T09:15:39.991+0000] {data_modification.py:37} INFO - Inserted row with Video_ID: tUryfFvgSKY
[2026-05-15T09:15:39.993+0000] {data_modification.py:37} INFO - Inserted row with Video_ID: 8Rlmz8WYTog
[2026-05-15T09:15:39.995+0000] {data_modification.py:37} INFO - Inserted row with Video_ID: pvvDYIwQa54
[2026-05-15T09:15:39.998+0000] {data_modification.py:37} INFO - Inserted row with Video_ID: y27aN-pbS3I
[2026-05-15T09:15:40.002+0000] {data_modification.py:37} INFO - Inserted row with Video_ID: QfM6VWjv4IY
[2026-05-15T09:15:40.005+0000] {data_modification.py:37} INFO - Inserted row with Video_ID: 2d1P5DOsxMk
[2026-05-15T09:15:40.008+0000] {data_modification.py:37} INFO - Inserted row with Video_ID: Tn19KPtlBfQ
[2026-05-15T09:15:40.011+0000] {data_modification.py:37} INFO - Inserted row with Video_ID: bYwsCiSXUkA
[2026-05-15T09:15:40.013+0000] {data_modification.py:37} INFO - Inserted row with Video_ID: FwiWKic74YA
[2026-05-15T09:15:40.016+0000] {data_modification.py:37} INFO - Inserted row with Video_ID: 1jc07UoLyUg
[2026-05-15T09:15:40.019+0000] {data_modification.py:37} INFO - Inserted row with Video_ID: riDAZbBOqeM
[2026-05-15T09:15:40.022+0000] {data_modification.py:37} INFO - Inserted row with Video_ID: LGghYpiAMDM
[2026-05-15T09:15:40.025+0000] {data_modification.py:37} INFO - Inserted row with Video_ID: 3XFfoInUpWk
[2026-05-15T09:15:40.027+0000] {data_modification.py:37} INFO - Inserted row with Video_ID: ncb0rSgenr8
[2026-05-15T09:15:40.030+0000] {data_modification.py:37} INFO - Inserted row with Video_ID: K6lTmsgGYp4
[2026-05-15T09:15:40.033+0000] {data_modification.py:37} INFO - Inserted row with Video_ID: NN9QVES93SY
[2026-05-15T09:15:40.038+0000] {data_modification.py:37} INFO - Inserted row with Video_ID: kWp_x-N0LD0
[2026-05-15T09:15:40.041+0000] {data_modification.py:37} INFO - Inserted row with Video_ID: 9YM7xT_6b9o
[2026-05-15T09:15:40.045+0000] {data_modification.py:37} INFO - Inserted row with Video_ID: nJPK3mRRW3Q
[2026-05-15T09:15:40.047+0000] {data_modification.py:37} INFO - Inserted row with Video_ID: scTineeRav0
[2026-05-15T09:15:40.050+0000] {data_modification.py:37} INFO - Inserted row with Video_ID: FxjFs66mhZQ
[2026-05-15T09:15:40.053+0000] {data_modification.py:37} INFO - Inserted row with Video_ID: 6PwiuLYBQQ0
[2026-05-15T09:15:40.056+0000] {data_modification.py:37} INFO - Inserted row with Video_ID: DAH5ds2-nmk
[2026-05-15T09:15:40.059+0000] {data_modification.py:37} INFO - Inserted row with Video_ID: f7qONTH2PTQ
[2026-05-15T09:15:40.061+0000] {data_modification.py:37} INFO - Inserted row with Video_ID: NEkVQu7Lg4E
[2026-05-15T09:15:40.064+0000] {data_modification.py:37} INFO - Inserted row with Video_ID: HtVG0wG1C-Q
[2026-05-15T09:15:40.066+0000] {data_modification.py:37} INFO - Inserted row with Video_ID: KU46bK3K3sI
[2026-05-15T09:15:40.070+0000] {data_modification.py:37} INFO - Inserted row with Video_ID: xVFGI49Y_qs
[2026-05-15T09:15:40.072+0000] {data_modification.py:37} INFO - Inserted row with Video_ID: nYtxLD_Bv6M
[2026-05-15T09:15:40.075+0000] {data_modification.py:37} INFO - Inserted row with Video_ID: J4JJhAozNCM
[2026-05-15T09:15:40.077+0000] {data_modification.py:37} INFO - Inserted row with Video_ID: zPCtAeEFrlM
[2026-05-15T09:15:40.080+0000] {data_modification.py:37} INFO - Inserted row with Video_ID: rDcotjJAgx0
[2026-05-15T09:15:40.083+0000] {data_modification.py:37} INFO - Inserted row with Video_ID: vJC6FI4O2Hk
[2026-05-15T09:15:40.086+0000] {data_modification.py:37} INFO - Inserted row with Video_ID: tvK3mr6_gjs
[2026-05-15T09:15:40.089+0000] {data_modification.py:37} INFO - Inserted row with Video_ID: nGwhflvhXCk
[2026-05-15T09:15:40.091+0000] {data_modification.py:37} INFO - Inserted row with Video_ID: ldRWQduBLVc
[2026-05-15T09:15:40.093+0000] {data_modification.py:37} INFO - Inserted row with Video_ID: IKDGOytY288
[2026-05-15T09:15:40.096+0000] {data_modification.py:37} INFO - Inserted row with Video_ID: OWu7LQ66EIM
[2026-05-15T09:15:40.098+0000] {data_modification.py:37} INFO - Inserted row with Video_ID: TiYO-WsiJ9k
[2026-05-15T09:15:40.102+0000] {data_modification.py:37} INFO - Inserted row with Video_ID: 31wDHMDwcbU
[2026-05-15T09:15:40.105+0000] {data_modification.py:37} INFO - Inserted row with Video_ID: iB7GR4bdJ2A
[2026-05-15T09:15:40.107+0000] {data_modification.py:37} INFO - Inserted row with Video_ID: 7idGU2zpWCw
[2026-05-15T09:15:40.111+0000] {data_modification.py:37} INFO - Inserted row with Video_ID: BpxIdvwQiXc
[2026-05-15T09:15:40.114+0000] {data_modification.py:37} INFO - Inserted row with Video_ID: FlCRtbBuDO8
[2026-05-15T09:15:40.116+0000] {data_modification.py:37} INFO - Inserted row with Video_ID: JqLXPEMzI-Q
[2026-05-15T09:15:40.120+0000] {data_modification.py:37} INFO - Inserted row with Video_ID: r6e-0gw4bo4
[2026-05-15T09:15:40.122+0000] {data_modification.py:37} INFO - Inserted row with Video_ID: WGU3ky4IkMs
[2026-05-15T09:15:40.124+0000] {data_modification.py:37} INFO - Inserted row with Video_ID: VsNZ9umIwJA
[2026-05-15T09:15:40.126+0000] {data_modification.py:37} INFO - Inserted row with Video_ID: tYTv3ej69uo
[2026-05-15T09:15:40.129+0000] {data_modification.py:37} INFO - Inserted row with Video_ID: AdgyI1gLa-s
[2026-05-15T09:15:40.131+0000] {data_modification.py:37} INFO - Inserted row with Video_ID: Mbg1JYMoc8c
[2026-05-15T09:15:40.135+0000] {data_modification.py:37} INFO - Inserted row with Video_ID: lQzw9uGsOiA
[2026-05-15T09:15:40.138+0000] {data_modification.py:37} INFO - Inserted row with Video_ID: JVeY08LkYTM
[2026-05-15T09:15:40.140+0000] {data_modification.py:37} INFO - Inserted row with Video_ID: oHg_pzuZ3PE
[2026-05-15T09:15:40.143+0000] {data_modification.py:37} INFO - Inserted row with Video_ID: QjEriNaXfSA
[2026-05-15T09:15:40.145+0000] {data_modification.py:37} INFO - Inserted row with Video_ID: XGNjNgia8tY
[2026-05-15T09:15:40.147+0000] {data_modification.py:37} INFO - Inserted row with Video_ID: cubo3kPOSoQ
[2026-05-15T09:15:40.151+0000] {data_modification.py:37} INFO - Inserted row with Video_ID: sJycXYbO1E0
[2026-05-15T09:15:40.154+0000] {data_modification.py:37} INFO - Inserted row with Video_ID: oNrJKCPL0r0
[2026-05-15T09:15:40.157+0000] {data_modification.py:37} INFO - Inserted row with Video_ID: ycm-Az4VrDM
[2026-05-15T09:15:40.160+0000] {data_modification.py:37} INFO - Inserted row with Video_ID: Ik-OGT13lY0
[2026-05-15T09:15:40.163+0000] {data_modification.py:37} INFO - Inserted row with Video_ID: qdE4SDgoo38
[2026-05-15T09:15:40.165+0000] {data_modification.py:37} INFO - Inserted row with Video_ID: xZ6X1_2XAk4
[2026-05-15T09:15:40.169+0000] {data_modification.py:37} INFO - Inserted row with Video_ID: sLYE_AMpV1k
[2026-05-15T09:15:40.173+0000] {data_modification.py:37} INFO - Inserted row with Video_ID: yccCbdtRVmI
[2026-05-15T09:15:40.176+0000] {data_modification.py:37} INFO - Inserted row with Video_ID: sn3nqb-xVjE
[2026-05-15T09:15:40.180+0000] {data_modification.py:37} INFO - Inserted row with Video_ID: nECfxMKTT3E
[2026-05-15T09:15:40.183+0000] {data_modification.py:37} INFO - Inserted row with Video_ID: UZkfW-ncJgM
[2026-05-15T09:15:40.187+0000] {data_modification.py:37} INFO - Inserted row with Video_ID: sMepqKjI9lg
[2026-05-15T09:15:40.191+0000] {data_modification.py:37} INFO - Inserted row with Video_ID: iNW6pWkdUKY
[2026-05-15T09:15:40.195+0000] {data_modification.py:37} INFO - Inserted row with Video_ID: vG-rfo1TLAA
[2026-05-15T09:15:40.198+0000] {data_modification.py:37} INFO - Inserted row with Video_ID: xtE23bnnUqg
[2026-05-15T09:15:40.204+0000] {data_modification.py:37} INFO - Inserted row with Video_ID: t6-rfYGksvY
[2026-05-15T09:15:40.208+0000] {data_modification.py:37} INFO - Inserted row with Video_ID: qJR5C7RUC9E
[2026-05-15T09:15:40.216+0000] {data_modification.py:37} INFO - Inserted row with Video_ID: ONVe-v-LdDI
[2026-05-15T09:15:40.223+0000] {data_modification.py:37} INFO - Inserted row with Video_ID: -DAImeMXlzA
[2026-05-15T09:15:40.228+0000] {data_modification.py:37} INFO - Inserted row with Video_ID: l0tcccjWZvo
[2026-05-15T09:15:40.236+0000] {data_modification.py:37} INFO - Inserted row with Video_ID: wDRT4wWSrF4
[2026-05-15T09:15:40.241+0000] {data_modification.py:37} INFO - Inserted row with Video_ID: Ob5j3juHg-s
[2026-05-15T09:15:40.247+0000] {data_modification.py:37} INFO - Inserted row with Video_ID: IPxu2ENFTOU
[2026-05-15T09:15:40.252+0000] {data_modification.py:37} INFO - Inserted row with Video_ID: cLpr5veFaNM
[2026-05-15T09:15:40.256+0000] {data_modification.py:37} INFO - Inserted row with Video_ID: mRefVGoIxis
[2026-05-15T09:15:40.260+0000] {data_modification.py:37} INFO - Inserted row with Video_ID: UgtnkNucajo
[2026-05-15T09:15:40.263+0000] {data_modification.py:37} INFO - Inserted row with Video_ID: znaz7ZyeSnI
[2026-05-15T09:15:40.266+0000] {data_modification.py:37} INFO - Inserted row with Video_ID: JlSyZ_M_1Ug
[2026-05-15T09:15:40.270+0000] {data_modification.py:37} INFO - Inserted row with Video_ID: qtndLFEJOf0
[2026-05-15T09:15:40.274+0000] {data_modification.py:37} INFO - Inserted row with Video_ID: m6qe82qQD3o
[2026-05-15T09:15:40.277+0000] {data_modification.py:37} INFO - Inserted row with Video_ID: TC-jEch9_Yw
[2026-05-15T09:15:40.280+0000] {data_modification.py:37} INFO - Inserted row with Video_ID: oA7fe9J-ISc
[2026-05-15T09:15:40.283+0000] {data_modification.py:37} INFO - Inserted row with Video_ID: swPRyee5Cpg
[2026-05-15T09:15:40.287+0000] {data_modification.py:37} INFO - Inserted row with Video_ID: PPvJfYt1Bjc
[2026-05-15T09:15:40.290+0000] {data_modification.py:37} INFO - Inserted row with Video_ID: XJM0JLXV49E
[2026-05-15T09:15:40.293+0000] {data_modification.py:37} INFO - Inserted row with Video_ID: jgpgnwYzOF8
[2026-05-15T09:15:40.296+0000] {data_modification.py:37} INFO - Inserted row with Video_ID: EIlCWzAbpYQ
[2026-05-15T09:15:40.299+0000] {data_modification.py:37} INFO - Inserted row with Video_ID: nwQDpN9kGY4
[2026-05-15T09:15:40.303+0000] {data_modification.py:37} INFO - Inserted row with Video_ID: 8zJppvGYplU
[2026-05-15T09:15:40.306+0000] {data_modification.py:37} INFO - Inserted row with Video_ID: VM9h7Hz3XEM
[2026-05-15T09:15:40.309+0000] {data_modification.py:37} INFO - Inserted row with Video_ID: 6tYvNl17zLo
[2026-05-15T09:15:40.312+0000] {data_modification.py:37} INFO - Inserted row with Video_ID: kyohcXigdM8
[2026-05-15T09:15:40.314+0000] {data_modification.py:37} INFO - Inserted row with Video_ID: KB-GB0Q9rd4
[2026-05-15T09:15:40.317+0000] {data_modification.py:37} INFO - Inserted row with Video_ID: vGbnCNwMs3A
[2026-05-15T09:15:40.320+0000] {data_modification.py:37} INFO - Inserted row with Video_ID: saezPbxxrdc
[2026-05-15T09:15:40.323+0000] {data_modification.py:37} INFO - Inserted row with Video_ID: B630_zJbDY4
[2026-05-15T09:15:40.326+0000] {data_modification.py:37} INFO - Inserted row with Video_ID: oozdYNTpaJA
[2026-05-15T09:15:40.328+0000] {data_modification.py:37} INFO - Inserted row with Video_ID: rZIPCc3Ahgk
[2026-05-15T09:15:40.331+0000] {data_modification.py:37} INFO - Inserted row with Video_ID: oRX2L9zDtq4
[2026-05-15T09:15:40.333+0000] {data_modification.py:37} INFO - Inserted row with Video_ID: VWRk3vSTucg
[2026-05-15T09:15:40.338+0000] {data_modification.py:37} INFO - Inserted row with Video_ID: L1eBIsbw_Y4
[2026-05-15T09:15:40.341+0000] {data_modification.py:37} INFO - Inserted row with Video_ID: q5Bq67ptXnE
[2026-05-15T09:15:40.344+0000] {data_modification.py:37} INFO - Inserted row with Video_ID: 2SBZhi15DNY
[2026-05-15T09:15:40.346+0000] {data_modification.py:37} INFO - Inserted row with Video_ID: I2zTQcnlavY
[2026-05-15T09:15:40.349+0000] {data_modification.py:37} INFO - Inserted row with Video_ID: -DipSn_JE_g
[2026-05-15T09:15:40.353+0000] {data_modification.py:37} INFO - Inserted row with Video_ID: zlKKGimE1Ks
[2026-05-15T09:15:40.356+0000] {data_modification.py:37} INFO - Inserted row with Video_ID: hSk5EWVS-c8
[2026-05-15T09:15:40.358+0000] {data_modification.py:37} INFO - Inserted row with Video_ID: kEe-46Pn0ng
[2026-05-15T09:15:40.361+0000] {data_modification.py:37} INFO - Inserted row with Video_ID: unWM_eWdBt8
[2026-05-15T09:15:40.363+0000] {data_modification.py:37} INFO - Inserted row with Video_ID: Dlihy2A_W5k
[2026-05-15T09:15:40.366+0000] {data_modification.py:37} INFO - Inserted row with Video_ID: 92BPobsdT8Q
[2026-05-15T09:15:40.369+0000] {data_modification.py:37} INFO - Inserted row with Video_ID: uYNqHF5vtJk
[2026-05-15T09:15:40.372+0000] {data_modification.py:37} INFO - Inserted row with Video_ID: DtaqofG7DLA
[2026-05-15T09:15:40.374+0000] {data_modification.py:37} INFO - Inserted row with Video_ID: 8ycFYAw-BDE
[2026-05-15T09:15:40.376+0000] {data_modification.py:37} INFO - Inserted row with Video_ID: G3S_zZSwdYw
[2026-05-15T09:15:40.379+0000] {data_modification.py:37} INFO - Inserted row with Video_ID: Zjeem0EIbP8
[2026-05-15T09:15:40.381+0000] {data_modification.py:37} INFO - Inserted row with Video_ID: afSbgH30VvE
[2026-05-15T09:15:40.385+0000] {data_modification.py:37} INFO - Inserted row with Video_ID: 65e-jldQji8
[2026-05-15T09:15:40.392+0000] {data_modification.py:37} INFO - Inserted row with Video_ID: _NWRkdA27CQ
[2026-05-15T09:15:40.396+0000] {data_modification.py:37} INFO - Inserted row with Video_ID: tFSvHZgxnA8
[2026-05-15T09:15:40.399+0000] {data_modification.py:37} INFO - Inserted row with Video_ID: cn8i0-a3mCU
[2026-05-15T09:15:40.403+0000] {data_modification.py:37} INFO - Inserted row with Video_ID: FUVRuV1s0sc
[2026-05-15T09:15:40.406+0000] {data_modification.py:37} INFO - Inserted row with Video_ID: jx8FZqMj4nI
[2026-05-15T09:15:40.409+0000] {data_modification.py:37} INFO - Inserted row with Video_ID: GvcWC6owNo0
[2026-05-15T09:15:40.412+0000] {data_modification.py:37} INFO - Inserted row with Video_ID: aGy-ny5Vu1M
[2026-05-15T09:15:40.415+0000] {data_modification.py:37} INFO - Inserted row with Video_ID: 1xgsRm7SQI8
[2026-05-15T09:15:40.418+0000] {data_modification.py:37} INFO - Inserted row with Video_ID: sOQaDQkAY94
[2026-05-15T09:15:40.421+0000] {data_modification.py:37} INFO - Inserted row with Video_ID: a_kkTJRKT_Q
[2026-05-15T09:15:40.424+0000] {data_modification.py:37} INFO - Inserted row with Video_ID: S4Ecb-6AINU
[2026-05-15T09:15:40.426+0000] {data_modification.py:37} INFO - Inserted row with Video_ID: FOsDf-GkEbE
[2026-05-15T09:15:40.429+0000] {data_modification.py:37} INFO - Inserted row with Video_ID: 4HHIKicRrzo
[2026-05-15T09:15:40.431+0000] {data_modification.py:37} INFO - Inserted row with Video_ID: n9oqYfAR8Vo
[2026-05-15T09:15:40.434+0000] {data_modification.py:37} INFO - Inserted row with Video_ID: t3SARSWe0Ds
[2026-05-15T09:15:40.438+0000] {data_modification.py:37} INFO - Inserted row with Video_ID: vz9J5EgiYtY
[2026-05-15T09:15:40.441+0000] {data_modification.py:37} INFO - Inserted row with Video_ID: oaaWBeKPMM8
[2026-05-15T09:15:40.443+0000] {data_modification.py:37} INFO - Inserted row with Video_ID: Ng_45GhSl0w
[2026-05-15T09:15:40.446+0000] {data_modification.py:37} INFO - Inserted row with Video_ID: Av_2xU18eWY
[2026-05-15T09:15:40.449+0000] {data_modification.py:37} INFO - Inserted row with Video_ID: Q0Na-ePUgyU
[2026-05-15T09:15:40.452+0000] {data_modification.py:37} INFO - Inserted row with Video_ID: Vfn9lFA2oi8
[2026-05-15T09:15:40.455+0000] {data_modification.py:37} INFO - Inserted row with Video_ID: Qb1wLQMyfLw
[2026-05-15T09:15:40.457+0000] {data_modification.py:37} INFO - Inserted row with Video_ID: fiqRNsFbF14
[2026-05-15T09:15:40.460+0000] {data_modification.py:37} INFO - Inserted row with Video_ID: W2nmH0Hh8bw
[2026-05-15T09:15:40.462+0000] {data_modification.py:37} INFO - Inserted row with Video_ID: CW3eEUpr7q0
[2026-05-15T09:15:40.464+0000] {data_modification.py:37} INFO - Inserted row with Video_ID: iAbkXrexALk
[2026-05-15T09:15:40.468+0000] {data_modification.py:37} INFO - Inserted row with Video_ID: HxdX6jtA17Q
[2026-05-15T09:15:40.471+0000] {data_modification.py:37} INFO - Inserted row with Video_ID: wbUjK29xy3Q
[2026-05-15T09:15:40.474+0000] {data_modification.py:37} INFO - Inserted row with Video_ID: SBp3t_P1Xh4
[2026-05-15T09:15:40.477+0000] {data_modification.py:37} INFO - Inserted row with Video_ID: aXDpqZZHWYg
[2026-05-15T09:15:40.480+0000] {data_modification.py:37} INFO - Inserted row with Video_ID: gpZ6uay_4wg
[2026-05-15T09:15:40.482+0000] {data_modification.py:37} INFO - Inserted row with Video_ID: RppxeRkYja8
[2026-05-15T09:15:40.486+0000] {data_modification.py:37} INFO - Inserted row with Video_ID: 0q2uK5Bv360
[2026-05-15T09:15:40.489+0000] {data_modification.py:37} INFO - Inserted row with Video_ID: DBfyG_4nJFE
[2026-05-15T09:15:40.492+0000] {data_modification.py:37} INFO - Inserted row with Video_ID: v-XKKxHnq7I
[2026-05-15T09:15:40.496+0000] {data_modification.py:37} INFO - Inserted row with Video_ID: 04uQXIz1YKs
[2026-05-15T09:15:40.499+0000] {data_modification.py:37} INFO - Inserted row with Video_ID: CC7Y4rJNpvg
[2026-05-15T09:15:40.502+0000] {data_modification.py:37} INFO - Inserted row with Video_ID: Dby50Eg4lmM
[2026-05-15T09:15:40.505+0000] {data_modification.py:37} INFO - Inserted row with Video_ID: 4P3YO-CPFTI
[2026-05-15T09:15:40.508+0000] {data_modification.py:37} INFO - Inserted row with Video_ID: JdlsJTnq1CI
[2026-05-15T09:15:40.510+0000] {data_modification.py:37} INFO - Inserted row with Video_ID: NeyHuLw6Zl8
[2026-05-15T09:15:40.513+0000] {data_modification.py:37} INFO - Inserted row with Video_ID: NTikqiZEXJY
[2026-05-15T09:15:40.515+0000] {data_modification.py:37} INFO - Inserted row with Video_ID: oH_koA_RROA
[2026-05-15T09:15:40.519+0000] {data_modification.py:37} INFO - Inserted row with Video_ID: 7kA90s9ZvFw
[2026-05-15T09:15:40.521+0000] {data_modification.py:37} INFO - Inserted row with Video_ID: V5PQlUV-7AI
[2026-05-15T09:15:40.524+0000] {data_modification.py:37} INFO - Inserted row with Video_ID: 7Tx-BFH8OBE
[2026-05-15T09:15:40.527+0000] {data_modification.py:37} INFO - Inserted row with Video_ID: yuWu9GC1aeg
[2026-05-15T09:15:40.529+0000] {data_modification.py:37} INFO - Inserted row with Video_ID: Zr-Nf3KnzPs
[2026-05-15T09:15:40.531+0000] {data_modification.py:37} INFO - Inserted row with Video_ID: octFKQ8ODyU
[2026-05-15T09:15:40.534+0000] {data_modification.py:37} INFO - Inserted row with Video_ID: faDFAM1AibA
[2026-05-15T09:15:40.537+0000] {data_modification.py:37} INFO - Inserted row with Video_ID: -EeokuO9Vfo
[2026-05-15T09:15:40.540+0000] {data_modification.py:37} INFO - Inserted row with Video_ID: VjCoxeXje9c
[2026-05-15T09:15:40.543+0000] {data_modification.py:37} INFO - Inserted row with Video_ID: LXnklBMu1oQ
[2026-05-15T09:15:40.546+0000] {data_modification.py:37} INFO - Inserted row with Video_ID: p9b7lIzdOMI
[2026-05-15T09:15:40.549+0000] {data_modification.py:37} INFO - Inserted row with Video_ID: qvYsXcDTaHY
[2026-05-15T09:15:40.552+0000] {data_modification.py:37} INFO - Inserted row with Video_ID: y1ZmWtUqjeM
[2026-05-15T09:15:40.555+0000] {data_modification.py:37} INFO - Inserted row with Video_ID: OsQ4lHoozDo
[2026-05-15T09:15:40.557+0000] {data_modification.py:37} INFO - Inserted row with Video_ID: shNqlZMmSFU
[2026-05-15T09:15:40.560+0000] {data_modification.py:37} INFO - Inserted row with Video_ID: -eabGjX8HJA
[2026-05-15T09:15:40.562+0000] {data_modification.py:37} INFO - Inserted row with Video_ID: jq2nGFX7OL4
[2026-05-15T09:15:40.565+0000] {data_modification.py:37} INFO - Inserted row with Video_ID: 87F9PMeK-P8
[2026-05-15T09:15:40.569+0000] {data_modification.py:37} INFO - Inserted row with Video_ID: JGBApDyxMQI
[2026-05-15T09:15:40.572+0000] {data_modification.py:37} INFO - Inserted row with Video_ID: grW6TyMJFTU
[2026-05-15T09:15:40.574+0000] {data_modification.py:37} INFO - Inserted row with Video_ID: ReN9Fi6RS74
[2026-05-15T09:15:40.577+0000] {data_modification.py:37} INFO - Inserted row with Video_ID: lxjOHf4RyZk
[2026-05-15T09:15:40.579+0000] {data_modification.py:37} INFO - Inserted row with Video_ID: LVvDMU4s_OU
[2026-05-15T09:15:40.581+0000] {data_modification.py:37} INFO - Inserted row with Video_ID: 17jLjkTYtS4
[2026-05-15T09:15:40.585+0000] {data_modification.py:37} INFO - Inserted row with Video_ID: YUr6-RAjq9k
[2026-05-15T09:15:40.587+0000] {data_modification.py:37} INFO - Inserted row with Video_ID: UmEdhVXBDXg
[2026-05-15T09:15:40.590+0000] {data_modification.py:37} INFO - Inserted row with Video_ID: GncbbUVDHVM
[2026-05-15T09:15:40.592+0000] {data_modification.py:37} INFO - Inserted row with Video_ID: U4EidAOjekU
[2026-05-15T09:15:40.594+0000] {data_modification.py:37} INFO - Inserted row with Video_ID: j-G086IsAMQ
[2026-05-15T09:15:40.597+0000] {data_modification.py:37} INFO - Inserted row with Video_ID: vNPRos0UscE
[2026-05-15T09:15:40.601+0000] {data_modification.py:37} INFO - Inserted row with Video_ID: uySVAtuGJIs
[2026-05-15T09:15:40.604+0000] {data_modification.py:37} INFO - Inserted row with Video_ID: V3WetxM_mq8
[2026-05-15T09:15:40.607+0000] {data_modification.py:37} INFO - Inserted row with Video_ID: 4KN18sILCWM
[2026-05-15T09:15:40.610+0000] {data_modification.py:37} INFO - Inserted row with Video_ID: sNFQ2NiClLY
[2026-05-15T09:15:40.613+0000] {data_modification.py:37} INFO - Inserted row with Video_ID: b8FsxkXBK9g
[2026-05-15T09:15:40.615+0000] {data_modification.py:37} INFO - Inserted row with Video_ID: YCzE0EZvsC8
[2026-05-15T09:15:40.619+0000] {data_modification.py:37} INFO - Inserted row with Video_ID: Lk9sDNgtgFA
[2026-05-15T09:15:40.621+0000] {data_modification.py:37} INFO - Inserted row with Video_ID: QvR6ya398LM
[2026-05-15T09:15:40.624+0000] {data_modification.py:37} INFO - Inserted row with Video_ID: uQQYR4IOBko
[2026-05-15T09:15:40.626+0000] {data_modification.py:37} INFO - Inserted row with Video_ID: 4zOoz46h5A4
[2026-05-15T09:15:40.627+0000] {dwh.py:108} INFO - core table update completed
[2026-05-15T09:15:40.627+0000] {python.py:237} INFO - Done. Returned value was: None
[2026-05-15T09:15:40.630+0000] {taskinstance.py:441} INFO - ::group::Post task execution logs
[2026-05-15T09:15:40.642+0000] {taskinstance.py:1206} INFO - Marking task as SUCCESS. dag_id=update_db, task_id=core_table, run_id=scheduled__2026-05-13T13:00:00+00:00, execution_date=20260513T130000, start_date=20260515T091539, end_date=20260515T091540
[2026-05-15T09:15:40.686+0000] {local_task_job_runner.py:240} INFO - Task exited with return code 0
[2026-05-15T09:15:40.704+0000] {taskinstance.py:3503} INFO - 0 downstream tasks scheduled from follow-on schedule check
[2026-05-15T09:15:40.707+0000] {local_task_job_runner.py:222} INFO - ::endgroup::
