[2026-05-14T13:03:45.868+0000] {local_task_job_runner.py:120} INFO - ::group::Pre task execution logs
[2026-05-14T13:03:45.898+0000] {taskinstance.py:2076} INFO - Dependencies all met for dep_context=non-requeueable deps ti=<TaskInstance: produce_json.save_to_json scheduled__2026-05-13T13:00:00+00:00 [queued]>
[2026-05-14T13:03:45.916+0000] {taskinstance.py:2076} INFO - Dependencies all met for dep_context=requeueable deps ti=<TaskInstance: produce_json.save_to_json scheduled__2026-05-13T13:00:00+00:00 [queued]>
[2026-05-14T13:03:45.918+0000] {taskinstance.py:2306} INFO - Starting attempt 1 of 1
[2026-05-14T13:03:45.941+0000] {taskinstance.py:2330} INFO - Executing <Task(_PythonDecoratedOperator): save_to_json> on 2026-05-13 13:00:00+00:00
[2026-05-14T13:03:45.948+0000] {standard_task_runner.py:63} INFO - Started process 433 to run task
[2026-05-14T13:03:45.956+0000] {standard_task_runner.py:90} INFO - Running: ['airflow', 'tasks', 'run', 'produce_json', 'save_to_json', 'scheduled__2026-05-13T13:00:00+00:00', '--job-id', '22', '--raw', '--subdir', 'DAGS_FOLDER/main.py', '--cfg-path', '/tmp/tmpdk13o501']
[2026-05-14T13:03:45.957+0000] {standard_task_runner.py:91} INFO - Job 22: Subtask save_to_json
[2026-05-14T13:03:46.071+0000] {task_command.py:426} INFO - Running <TaskInstance: produce_json.save_to_json scheduled__2026-05-13T13:00:00+00:00 [running]> on host 1645d50e2cab
[2026-05-14T13:03:46.226+0000] {taskinstance.py:2648} INFO - Exporting env vars: AIRFLOW_CTX_DAG_EMAIL='data@engineers.com' AIRFLOW_CTX_DAG_OWNER='dataengineers' AIRFLOW_CTX_DAG_ID='produce_json' AIRFLOW_CTX_TASK_ID='save_to_json' AIRFLOW_CTX_EXECUTION_DATE='2026-05-13T13:00:00+00:00' AIRFLOW_CTX_TRY_NUMBER='1' AIRFLOW_CTX_DAG_RUN_ID='scheduled__2026-05-13T13:00:00+00:00'
[2026-05-14T13:03:46.231+0000] {taskinstance.py:430} INFO - ::endgroup::
[2026-05-14T13:03:46.250+0000] {python.py:237} INFO - Done. Returned value was: None
[2026-05-14T13:03:46.252+0000] {taskinstance.py:441} INFO - ::group::Post task execution logs
[2026-05-14T13:03:46.270+0000] {taskinstance.py:1206} INFO - Marking task as SUCCESS. dag_id=produce_json, task_id=save_to_json, run_id=scheduled__2026-05-13T13:00:00+00:00, execution_date=20260513T130000, start_date=20260514T130345, end_date=20260514T130346
[2026-05-14T13:03:46.329+0000] {local_task_job_runner.py:240} INFO - Task exited with return code 0
[2026-05-14T13:03:46.347+0000] {taskinstance.py:3503} INFO - 0 downstream tasks scheduled from follow-on schedule check
[2026-05-14T13:03:46.350+0000] {local_task_job_runner.py:222} INFO - ::endgroup::
[2026-05-15T09:54:02.935+0000] {local_task_job_runner.py:120} INFO - ::group::Pre task execution logs
[2026-05-15T09:54:02.992+0000] {taskinstance.py:2076} INFO - Dependencies all met for dep_context=non-requeueable deps ti=<TaskInstance: produce_json.save_to_json scheduled__2026-05-13T13:00:00+00:00 [queued]>
[2026-05-15T09:54:03.016+0000] {taskinstance.py:2076} INFO - Dependencies all met for dep_context=requeueable deps ti=<TaskInstance: produce_json.save_to_json scheduled__2026-05-13T13:00:00+00:00 [queued]>
[2026-05-15T09:54:03.017+0000] {taskinstance.py:2306} INFO - Starting attempt 1 of 1
[2026-05-15T09:54:03.051+0000] {taskinstance.py:2330} INFO - Executing <Task(_PythonDecoratedOperator): save_to_json> on 2026-05-13 13:00:00+00:00
[2026-05-15T09:54:03.062+0000] {standard_task_runner.py:63} INFO - Started process 86 to run task
[2026-05-15T09:54:03.069+0000] {standard_task_runner.py:90} INFO - Running: ['airflow', 'tasks', 'run', 'produce_json', 'save_to_json', 'scheduled__2026-05-13T13:00:00+00:00', '--job-id', '8', '--raw', '--subdir', 'DAGS_FOLDER/main.py', '--cfg-path', '/tmp/tmp1_nooj0d']
[2026-05-15T09:54:03.073+0000] {standard_task_runner.py:91} INFO - Job 8: Subtask save_to_json
[2026-05-15T09:54:03.249+0000] {task_command.py:426} INFO - Running <TaskInstance: produce_json.save_to_json scheduled__2026-05-13T13:00:00+00:00 [running]> on host 433c86932b6a
[2026-05-15T09:54:03.419+0000] {taskinstance.py:2648} INFO - Exporting env vars: AIRFLOW_CTX_DAG_EMAIL='data@engineers.com' AIRFLOW_CTX_DAG_OWNER='dataengineers' AIRFLOW_CTX_DAG_ID='produce_json' AIRFLOW_CTX_TASK_ID='save_to_json' AIRFLOW_CTX_EXECUTION_DATE='2026-05-13T13:00:00+00:00' AIRFLOW_CTX_TRY_NUMBER='1' AIRFLOW_CTX_DAG_RUN_ID='scheduled__2026-05-13T13:00:00+00:00'
[2026-05-15T09:54:03.422+0000] {taskinstance.py:430} INFO - ::endgroup::
[2026-05-15T09:54:03.468+0000] {python.py:237} INFO - Done. Returned value was: None
[2026-05-15T09:54:03.469+0000] {taskinstance.py:441} INFO - ::group::Post task execution logs
[2026-05-15T09:54:03.489+0000] {taskinstance.py:1206} INFO - Marking task as SUCCESS. dag_id=produce_json, task_id=save_to_json, run_id=scheduled__2026-05-13T13:00:00+00:00, execution_date=20260513T130000, start_date=20260515T095402, end_date=20260515T095403
[2026-05-15T09:54:03.565+0000] {local_task_job_runner.py:240} INFO - Task exited with return code 0
[2026-05-15T09:54:03.609+0000] {taskinstance.py:3503} INFO - 1 downstream tasks scheduled from follow-on schedule check
[2026-05-15T09:54:03.613+0000] {local_task_job_runner.py:222} INFO - ::endgroup::
